// Jest Snapshot v1, https://goo.gl/fbAQLP

exports[`测试 Modal 类型 Modal 正常 1`] = `
Object {
  "_class": "symbolMaster",
  "allowsOverrides": true,
  "backgroundColor": Object {
    "_class": "color",
    "alpha": 1,
    "blue": 1,
    "green": 1,
    "red": 1,
  },
  "booleanOperation": -1,
  "changeIdentifier": 0,
  "do_objectID": "UUID",
  "exportOptions": Object {
    "_class": "exportOptions",
    "exportFormats": Array [],
    "includedLayerIds": Array [],
    "layerOptions": 0,
    "shouldTrim": false,
  },
  "frame": Object {
    "_class": "rect",
    "constrainProportions": false,
    "height": 178,
    "width": 520,
    "x": 140,
    "y": 199,
  },
  "groupLayout": Object {
    "_class": "MSImmutableFreeformGroupLayout",
  },
  "hasBackgroundColor": false,
  "hasClickThrough": true,
  "horizontalRulerData": Object {
    "_class": "rulerData",
    "base": 0,
    "guides": Array [],
  },
  "includeBackgroundColorInExport": true,
  "includeBackgroundColorInInstance": false,
  "includeInCloudUpload": true,
  "isFixedToViewport": false,
  "isFlippedHorizontal": false,
  "isFlippedVertical": false,
  "isFlowHome": false,
  "isLocked": false,
  "isVisible": true,
  "layerListExpandedType": 0,
  "layers": Array [
    Object {
      "_class": "rectangle",
      "booleanOperation": -1,
      "clippingMaskMode": 0,
      "do_objectID": "UUID",
      "edited": false,
      "exportOptions": Object {
        "_class": "exportOptions",
        "exportFormats": Array [],
        "includedLayerIds": Array [],
        "layerOptions": 0,
        "shouldTrim": false,
      },
      "fixedRadius": 0,
      "frame": Object {
        "_class": "rect",
        "constrainProportions": false,
        "height": 178,
        "width": 520,
        "x": 0,
        "y": 0,
      },
      "hasConvertedToNewRoundCorners": true,
      "isClosed": true,
      "isFixedToViewport": false,
      "isFlippedHorizontal": false,
      "isFlippedVertical": false,
      "isLocked": false,
      "isVisible": true,
      "layerListExpandedType": 0,
      "name": "ant-modal-content",
      "nameIsFixed": false,
      "needsConvertionToNewRoundCorners": false,
      "pointRadiusBehaviour": 1,
      "points": Array [
        Object {
          "_class": "curvePoint",
          "cornerRadius": 2,
          "curveFrom": "{0, 0}",
          "curveMode": 1,
          "curveTo": "{0, 0}",
          "hasCurveFrom": false,
          "hasCurveTo": false,
          "point": "{0, 0}",
        },
        Object {
          "_class": "curvePoint",
          "cornerRadius": 2,
          "curveFrom": "{1, 0}",
          "curveMode": 1,
          "curveTo": "{1, 0}",
          "hasCurveFrom": false,
          "hasCurveTo": false,
          "point": "{1, 0}",
        },
        Object {
          "_class": "curvePoint",
          "cornerRadius": 2,
          "curveFrom": "{1, 1}",
          "curveMode": 1,
          "curveTo": "{1, 1}",
          "hasCurveFrom": false,
          "hasCurveTo": false,
          "point": "{1, 1}",
        },
        Object {
          "_class": "curvePoint",
          "cornerRadius": 2,
          "curveFrom": "{0, 1}",
          "curveMode": 1,
          "curveTo": "{0, 1}",
          "hasCurveFrom": false,
          "hasCurveTo": false,
          "point": "{0, 1}",
        },
      ],
      "resizingConstraint": 63,
      "resizingType": 0,
      "rotation": 0,
      "shouldBreakMaskChain": false,
      "style": Object {
        "_class": "style",
        "borderOptions": Object {
          "_class": "borderOptions",
          "dashPattern": Array [],
          "isEnabled": true,
          "lineCapStyle": 0,
          "lineJoinStyle": 0,
        },
        "borders": Array [
          Object {
            "_class": "border",
            "color": Object {
              "_class": "color",
              "alpha": 0.85,
              "blue": 0,
              "green": 0,
              "red": 0,
            },
            "contextSettings": Object {
              "_class": "graphicsContextSettings",
              "blendMode": 0,
              "opacity": 1,
            },
            "fillType": 0,
            "gradient": Object {
              "_class": "gradient",
              "elipseLength": 0,
              "from": "{0, 0}",
              "gradientType": 0,
              "stops": Array [],
              "to": "{1, 0}",
            },
            "isEnabled": true,
            "position": 1,
            "thickness": 0,
          },
        ],
        "colorControls": Object {
          "_class": "colorControls",
          "brightness": 0,
          "contrast": 1,
          "hue": 0,
          "isEnabled": false,
          "saturation": 1,
        },
        "contextSettings": Object {
          "_class": "graphicsContextSettings",
          "blendMode": 0,
          "opacity": 1,
        },
        "do_objectID": "UUID",
        "endMarkerType": 0,
        "fills": Array [
          Object {
            "_class": "fill",
            "color": Object {
              "_class": "color",
              "alpha": 1,
              "blue": 1,
              "green": 1,
              "red": 1,
            },
            "contextSettings": Object {
              "_class": "graphicsContextSettings",
              "blendMode": 0,
              "opacity": 1,
            },
            "fillType": 0,
            "gradient": Object {
              "_class": "gradient",
              "elipseLength": 0,
              "from": "{0, 0}",
              "gradientType": 0,
              "stops": Array [],
              "to": "{1, 0}",
            },
            "isEnabled": true,
            "noiseIndex": 0,
            "noiseIntensity": 0,
            "patternFillType": 1,
            "patternTileScale": 1,
          },
        ],
        "innerShadows": Array [],
        "miterLimit": 10,
        "shadows": Array [
          Object {
            "_class": "shadow",
            "blurRadius": 6,
            "color": Object {
              "_class": "color",
              "alpha": 0.12,
              "blue": 0,
              "green": 0,
              "red": 0,
            },
            "contextSettings": Object {
              "_class": "graphicsContextSettings",
              "blendMode": 0,
              "opacity": 1,
            },
            "isEnabled": true,
            "offsetX": 0,
            "offsetY": 3,
            "spread": -4,
          },
          Object {
            "_class": "shadow",
            "blurRadius": 16,
            "color": Object {
              "_class": "color",
              "alpha": 0.08,
              "blue": 0,
              "green": 0,
              "red": 0,
            },
            "contextSettings": Object {
              "_class": "graphicsContextSettings",
              "blendMode": 0,
              "opacity": 1,
            },
            "isEnabled": true,
            "offsetX": 0,
            "offsetY": 6,
            "spread": 0,
          },
          Object {
            "_class": "shadow",
            "blurRadius": 28,
            "color": Object {
              "_class": "color",
              "alpha": 0.05,
              "blue": 0,
              "green": 0,
              "red": 0,
            },
            "contextSettings": Object {
              "_class": "graphicsContextSettings",
              "blendMode": 0,
              "opacity": 1,
            },
            "isEnabled": true,
            "offsetX": 0,
            "offsetY": 9,
            "spread": 8,
          },
        ],
        "startMarkerType": 0,
        "windingRule": 1,
      },
    },
    Object {
      "_class": "group",
      "booleanOperation": -1,
      "clippingMaskMode": 0,
      "do_objectID": "UUID",
      "exportOptions": Object {
        "_class": "exportOptions",
        "exportFormats": Array [],
        "includedLayerIds": Array [],
        "layerOptions": 0,
        "shouldTrim": false,
      },
      "frame": Object {
        "_class": "rect",
        "constrainProportions": false,
        "height": 55,
        "width": 520,
        "x": 0,
        "y": 0,
      },
      "groupLayout": Object {
        "_class": "MSImmutableInferredGroupLayout",
        "axis": 0,
        "layoutAnchor": 0,
      },
      "hasClickThrough": false,
      "hasClippingMask": false,
      "isFixedToViewport": false,
      "isFlippedHorizontal": false,
      "isFlippedVertical": false,
      "isLocked": false,
      "isVisible": true,
      "layerListExpandedType": 0,
      "layers": Array [
        Object {
          "_class": "rectangle",
          "booleanOperation": -1,
          "clippingMaskMode": 0,
          "do_objectID": "UUID",
          "edited": false,
          "exportOptions": Object {
            "_class": "exportOptions",
            "exportFormats": Array [],
            "includedLayerIds": Array [],
            "layerOptions": 0,
            "shouldTrim": false,
          },
          "fixedRadius": 0,
          "frame": Object {
            "_class": "rect",
            "constrainProportions": false,
            "height": 55,
            "width": 520,
            "x": 0,
            "y": 0,
          },
          "hasConvertedToNewRoundCorners": true,
          "isClosed": true,
          "isFixedToViewport": false,
          "isFlippedHorizontal": false,
          "isFlippedVertical": false,
          "isLocked": false,
          "isVisible": true,
          "layerListExpandedType": 0,
          "name": "ant-modal-header",
          "nameIsFixed": false,
          "needsConvertionToNewRoundCorners": false,
          "pointRadiusBehaviour": 1,
          "points": Array [
            Object {
              "_class": "curvePoint",
              "cornerRadius": 2,
              "curveFrom": "{0, 0}",
              "curveMode": 1,
              "curveTo": "{0, 0}",
              "hasCurveFrom": false,
              "hasCurveTo": false,
              "point": "{0, 0}",
            },
            Object {
              "_class": "curvePoint",
              "cornerRadius": 2,
              "curveFrom": "{1, 0}",
              "curveMode": 1,
              "curveTo": "{1, 0}",
              "hasCurveFrom": false,
              "hasCurveTo": false,
              "point": "{1, 0}",
            },
            Object {
              "_class": "curvePoint",
              "cornerRadius": 0,
              "curveFrom": "{1, 1}",
              "curveMode": 1,
              "curveTo": "{1, 1}",
              "hasCurveFrom": false,
              "hasCurveTo": false,
              "point": "{1, 1}",
            },
            Object {
              "_class": "curvePoint",
              "cornerRadius": 0,
              "curveFrom": "{0, 1}",
              "curveMode": 1,
              "curveTo": "{0, 1}",
              "hasCurveFrom": false,
              "hasCurveTo": false,
              "point": "{0, 1}",
            },
          ],
          "resizingConstraint": 63,
          "resizingType": 0,
          "rotation": 0,
          "shouldBreakMaskChain": false,
          "style": Object {
            "_class": "style",
            "borderOptions": Object {
              "_class": "borderOptions",
              "dashPattern": Array [],
              "isEnabled": true,
              "lineCapStyle": 0,
              "lineJoinStyle": 0,
            },
            "borders": Array [],
            "colorControls": Object {
              "_class": "colorControls",
              "brightness": 0,
              "contrast": 1,
              "hue": 0,
              "isEnabled": false,
              "saturation": 1,
            },
            "contextSettings": Object {
              "_class": "graphicsContextSettings",
              "blendMode": 0,
              "opacity": 1,
            },
            "do_objectID": "UUID",
            "endMarkerType": 0,
            "fills": Array [
              Object {
                "_class": "fill",
                "color": Object {
                  "_class": "color",
                  "alpha": 1,
                  "blue": 1,
                  "green": 1,
                  "red": 1,
                },
                "contextSettings": Object {
                  "_class": "graphicsContextSettings",
                  "blendMode": 0,
                  "opacity": 1,
                },
                "fillType": 0,
                "gradient": Object {
                  "_class": "gradient",
                  "elipseLength": 0,
                  "from": "{0, 0}",
                  "gradientType": 0,
                  "stops": Array [],
                  "to": "{1, 0}",
                },
                "isEnabled": true,
                "noiseIndex": 0,
                "noiseIntensity": 0,
                "patternFillType": 1,
                "patternTileScale": 1,
              },
            ],
            "innerShadows": Array [
              Object {
                "_class": "innerShadow",
                "blurRadius": 0,
                "color": Object {
                  "_class": "color",
                  "alpha": 1,
                  "blue": 0.9411764705882353,
                  "green": 0.9411764705882353,
                  "red": 0.9411764705882353,
                },
                "contextSettings": Object {
                  "_class": "graphicsContextSettings",
                  "blendMode": 0,
                  "opacity": 1,
                },
                "isEnabled": true,
                "offsetX": 0,
                "offsetY": -1,
                "spread": 0,
              },
            ],
            "miterLimit": 10,
            "shadows": Array [],
            "startMarkerType": 0,
            "windingRule": 1,
          },
        },
        Object {
          "_class": "text",
          "attributedString": Object {
            "_class": "attributedString",
            "attributes": Array [
              Object {
                "_class": "stringAttribute",
                "attributes": Object {
                  "MSAttributedStringColorAttribute": Object {
                    "_class": "color",
                    "alpha": 0.85,
                    "blue": 0,
                    "green": 0,
                    "red": 0,
                  },
                  "MSAttributedStringFontAttribute": Object {
                    "_class": "fontDescriptor",
                    "attributes": Object {
                      "name": "PingFangSC-Medium",
                      "size": 16,
                    },
                  },
                  "MSAttributedStringTextTransformAttribute": 0,
                  "kerning": 0,
                  "paragraphStyle": Object {
                    "_class": "paragraphStyle",
                    "alignment": 0,
                    "maximumLineHeight": 22,
                    "minimumLineHeight": 22,
                  },
                  "strikethroughStyle": 0,
                  "underlineStyle": 0,
                },
                "length": 8,
                "location": 0,
              },
            ],
            "string": "Modal 测试",
          },
          "automaticallyDrawOnUnderlyingPath": false,
          "booleanOperation": -1,
          "clippingMaskMode": 0,
          "do_objectID": "UUID",
          "dontSynchroniseWithSymbol": false,
          "exportOptions": Object {
            "_class": "exportOptions",
            "exportFormats": Array [],
            "includedLayerIds": Array [],
            "layerOptions": 0,
            "shouldTrim": false,
          },
          "frame": Object {
            "_class": "rect",
            "constrainProportions": false,
            "height": 22,
            "width": 81.71875,
            "x": 24,
            "y": 16,
          },
          "glyphBounds": "",
          "hasClippingMask": false,
          "isFixedToViewport": false,
          "isFlippedHorizontal": false,
          "isFlippedVertical": false,
          "isLocked": false,
          "isVisible": true,
          "layerListExpandedType": 0,
          "lineSpacingBehaviour": 2,
          "name": "Modal 测试",
          "nameIsFixed": false,
          "resizingConstraint": 63,
          "resizingType": 0,
          "rotation": 0,
          "shouldBreakMaskChain": false,
          "style": Object {
            "_class": "style",
            "borderOptions": Object {
              "_class": "borderOptions",
              "dashPattern": Array [],
              "isEnabled": true,
              "lineCapStyle": 0,
              "lineJoinStyle": 0,
            },
            "borders": Array [],
            "colorControls": Object {
              "_class": "colorControls",
              "brightness": 0,
              "contrast": 1,
              "hue": 0,
              "isEnabled": false,
              "saturation": 1,
            },
            "contextSettings": Object {
              "_class": "graphicsContextSettings",
              "blendMode": 0,
              "opacity": 1,
            },
            "do_objectID": "UUID",
            "endMarkerType": 0,
            "fills": Array [],
            "innerShadows": Array [],
            "miterLimit": 10,
            "shadows": Array [],
            "startMarkerType": 0,
            "windingRule": 1,
          },
          "textBehaviour": 0,
        },
      ],
      "name": "编组",
      "nameIsFixed": false,
      "resizingConstraint": 10,
      "resizingType": 0,
      "rotation": 0,
      "shouldBreakMaskChain": false,
      "style": Object {
        "_class": "style",
        "borderOptions": Object {
          "_class": "borderOptions",
          "dashPattern": Array [],
          "isEnabled": true,
          "lineCapStyle": 0,
          "lineJoinStyle": 0,
        },
        "borders": Array [],
        "colorControls": Object {
          "_class": "colorControls",
          "brightness": 0,
          "contrast": 1,
          "hue": 0,
          "isEnabled": false,
          "saturation": 1,
        },
        "contextSettings": Object {
          "_class": "graphicsContextSettings",
          "blendMode": 0,
          "opacity": 1,
        },
        "do_objectID": "UUID",
        "endMarkerType": 0,
        "fills": Array [],
        "innerShadows": Array [],
        "miterLimit": 10,
        "shadows": Array [],
        "startMarkerType": 0,
        "windingRule": 1,
      },
      "userInfo": null,
    },
    Object {
      "_class": "text",
      "attributedString": Object {
        "_class": "attributedString",
        "attributes": Array [
          Object {
            "_class": "stringAttribute",
            "attributes": Object {
              "MSAttributedStringColorAttribute": Object {
                "_class": "color",
                "alpha": 0.85,
                "blue": 0,
                "green": 0,
                "red": 0,
              },
              "MSAttributedStringFontAttribute": Object {
                "_class": "fontDescriptor",
                "attributes": Object {
                  "name": "PingFangSC-Regular",
                  "size": 14,
                },
              },
              "MSAttributedStringTextTransformAttribute": 0,
              "kerning": 0,
              "paragraphStyle": Object {
                "_class": "paragraphStyle",
                "alignment": 0,
                "maximumLineHeight": 22.001,
                "minimumLineHeight": 22.001,
              },
              "strikethroughStyle": 0,
              "underlineStyle": 0,
            },
            "length": 7,
            "location": 0,
          },
        ],
        "string": "这是里面的内容",
      },
      "automaticallyDrawOnUnderlyingPath": false,
      "booleanOperation": -1,
      "clippingMaskMode": 0,
      "do_objectID": "UUID",
      "dontSynchroniseWithSymbol": false,
      "exportOptions": Object {
        "_class": "exportOptions",
        "exportFormats": Array [],
        "includedLayerIds": Array [],
        "layerOptions": 0,
        "shouldTrim": false,
      },
      "frame": Object {
        "_class": "rect",
        "constrainProportions": false,
        "height": 22,
        "width": 98,
        "x": 24,
        "y": 79,
      },
      "glyphBounds": "",
      "hasClippingMask": false,
      "isFixedToViewport": false,
      "isFlippedHorizontal": false,
      "isFlippedVertical": false,
      "isLocked": false,
      "isVisible": true,
      "layerListExpandedType": 0,
      "lineSpacingBehaviour": 2,
      "name": "这是里面的内容",
      "nameIsFixed": false,
      "resizingConstraint": 63,
      "resizingType": 0,
      "rotation": 0,
      "shouldBreakMaskChain": false,
      "style": Object {
        "_class": "style",
        "borderOptions": Object {
          "_class": "borderOptions",
          "dashPattern": Array [],
          "isEnabled": true,
          "lineCapStyle": 0,
          "lineJoinStyle": 0,
        },
        "borders": Array [],
        "colorControls": Object {
          "_class": "colorControls",
          "brightness": 0,
          "contrast": 1,
          "hue": 0,
          "isEnabled": false,
          "saturation": 1,
        },
        "contextSettings": Object {
          "_class": "graphicsContextSettings",
          "blendMode": 0,
          "opacity": 1,
        },
        "do_objectID": "UUID",
        "endMarkerType": 0,
        "fills": Array [],
        "innerShadows": Array [],
        "miterLimit": 10,
        "shadows": Array [],
        "startMarkerType": 0,
        "windingRule": 1,
      },
      "textBehaviour": 0,
    },
    Object {
      "_class": "group",
      "booleanOperation": -1,
      "clippingMaskMode": 0,
      "do_objectID": "UUID",
      "exportOptions": Object {
        "_class": "exportOptions",
        "exportFormats": Array [],
        "includedLayerIds": Array [],
        "layerOptions": 0,
        "shouldTrim": false,
      },
      "frame": Object {
        "_class": "rect",
        "constrainProportions": false,
        "height": 53,
        "width": 520,
        "x": 0,
        "y": 125,
      },
      "groupLayout": Object {
        "_class": "MSImmutableInferredGroupLayout",
        "axis": 0,
        "layoutAnchor": 2,
      },
      "hasClickThrough": false,
      "hasClippingMask": false,
      "isFixedToViewport": false,
      "isFlippedHorizontal": false,
      "isFlippedVertical": false,
      "isLocked": false,
      "isVisible": true,
      "layerListExpandedType": 0,
      "layers": Array [
        Object {
          "_class": "rectangle",
          "booleanOperation": -1,
          "clippingMaskMode": 0,
          "do_objectID": "UUID",
          "edited": false,
          "exportOptions": Object {
            "_class": "exportOptions",
            "exportFormats": Array [],
            "includedLayerIds": Array [],
            "layerOptions": 0,
            "shouldTrim": false,
          },
          "fixedRadius": 0,
          "frame": Object {
            "_class": "rect",
            "constrainProportions": false,
            "height": 53,
            "width": 520,
            "x": 0,
            "y": 0,
          },
          "hasConvertedToNewRoundCorners": true,
          "isClosed": true,
          "isFixedToViewport": false,
          "isFlippedHorizontal": false,
          "isFlippedVertical": false,
          "isLocked": false,
          "isVisible": true,
          "layerListExpandedType": 0,
          "name": "ant-modal-footer",
          "nameIsFixed": false,
          "needsConvertionToNewRoundCorners": false,
          "pointRadiusBehaviour": 1,
          "points": Array [
            Object {
              "_class": "curvePoint",
              "cornerRadius": 0,
              "curveFrom": "{0, 0}",
              "curveMode": 1,
              "curveTo": "{0, 0}",
              "hasCurveFrom": false,
              "hasCurveTo": false,
              "point": "{0, 0}",
            },
            Object {
              "_class": "curvePoint",
              "cornerRadius": 0,
              "curveFrom": "{1, 0}",
              "curveMode": 1,
              "curveTo": "{1, 0}",
              "hasCurveFrom": false,
              "hasCurveTo": false,
              "point": "{1, 0}",
            },
            Object {
              "_class": "curvePoint",
              "cornerRadius": 2,
              "curveFrom": "{1, 1}",
              "curveMode": 1,
              "curveTo": "{1, 1}",
              "hasCurveFrom": false,
              "hasCurveTo": false,
              "point": "{1, 1}",
            },
            Object {
              "_class": "curvePoint",
              "cornerRadius": 2,
              "curveFrom": "{0, 1}",
              "curveMode": 1,
              "curveTo": "{0, 1}",
              "hasCurveFrom": false,
              "hasCurveTo": false,
              "point": "{0, 1}",
            },
          ],
          "resizingConstraint": 63,
          "resizingType": 0,
          "rotation": 0,
          "shouldBreakMaskChain": false,
          "style": Object {
            "_class": "style",
            "borderOptions": Object {
              "_class": "borderOptions",
              "dashPattern": Array [],
              "isEnabled": true,
              "lineCapStyle": 0,
              "lineJoinStyle": 0,
            },
            "borders": Array [],
            "colorControls": Object {
              "_class": "colorControls",
              "brightness": 0,
              "contrast": 1,
              "hue": 0,
              "isEnabled": false,
              "saturation": 1,
            },
            "contextSettings": Object {
              "_class": "graphicsContextSettings",
              "blendMode": 0,
              "opacity": 1,
            },
            "do_objectID": "UUID",
            "endMarkerType": 0,
            "fills": Array [
              Object {
                "_class": "fill",
                "color": Object {
                  "_class": "color",
                  "alpha": 0,
                  "blue": 0,
                  "green": 0,
                  "red": 0,
                },
                "contextSettings": Object {
                  "_class": "graphicsContextSettings",
                  "blendMode": 0,
                  "opacity": 1,
                },
                "fillType": 0,
                "gradient": Object {
                  "_class": "gradient",
                  "elipseLength": 0,
                  "from": "{0, 0}",
                  "gradientType": 0,
                  "stops": Array [],
                  "to": "{1, 0}",
                },
                "isEnabled": true,
                "noiseIndex": 0,
                "noiseIntensity": 0,
                "patternFillType": 1,
                "patternTileScale": 1,
              },
            ],
            "innerShadows": Array [
              Object {
                "_class": "innerShadow",
                "blurRadius": 0,
                "color": Object {
                  "_class": "color",
                  "alpha": 1,
                  "blue": 0.9411764705882353,
                  "green": 0.9411764705882353,
                  "red": 0.9411764705882353,
                },
                "contextSettings": Object {
                  "_class": "graphicsContextSettings",
                  "blendMode": 0,
                  "opacity": 1,
                },
                "isEnabled": true,
                "offsetX": 0,
                "offsetY": 1,
                "spread": 0,
              },
            ],
            "miterLimit": 10,
            "shadows": Array [],
            "startMarkerType": 0,
            "windingRule": 1,
          },
        },
        Object {
          "_class": "group",
          "booleanOperation": -1,
          "clippingMaskMode": 0,
          "do_objectID": "UUID",
          "exportOptions": Object {
            "_class": "exportOptions",
            "exportFormats": Array [],
            "includedLayerIds": Array [],
            "layerOptions": 0,
            "shouldTrim": false,
          },
          "frame": Object {
            "_class": "rect",
            "constrainProportions": false,
            "height": 32,
            "width": 76.375,
            "x": 367.890625,
            "y": 11,
          },
          "groupLayout": Object {
            "_class": "MSImmutableInferredGroupLayout",
            "axis": 0,
            "layoutAnchor": 2,
          },
          "hasClickThrough": false,
          "hasClippingMask": false,
          "isFixedToViewport": false,
          "isFlippedHorizontal": false,
          "isFlippedVertical": false,
          "isLocked": false,
          "isVisible": true,
          "layerListExpandedType": 0,
          "layers": Array [
            Object {
              "_class": "rectangle",
              "booleanOperation": -1,
              "clippingMaskMode": 0,
              "do_objectID": "UUID",
              "edited": false,
              "exportOptions": Object {
                "_class": "exportOptions",
                "exportFormats": Array [],
                "includedLayerIds": Array [],
                "layerOptions": 0,
                "shouldTrim": false,
              },
              "fixedRadius": 0,
              "frame": Object {
                "_class": "rect",
                "constrainProportions": false,
                "height": 32,
                "width": 76.375,
                "x": 0,
                "y": 0,
              },
              "hasConvertedToNewRoundCorners": true,
              "isClosed": true,
              "isFixedToViewport": false,
              "isFlippedHorizontal": false,
              "isFlippedVertical": false,
              "isLocked": false,
              "isVisible": true,
              "layerListExpandedType": 0,
              "name": "ant-btn",
              "nameIsFixed": false,
              "needsConvertionToNewRoundCorners": false,
              "pointRadiusBehaviour": 1,
              "points": Array [
                Object {
                  "_class": "curvePoint",
                  "cornerRadius": 2,
                  "curveFrom": "{0, 0}",
                  "curveMode": 1,
                  "curveTo": "{0, 0}",
                  "hasCurveFrom": false,
                  "hasCurveTo": false,
                  "point": "{0, 0}",
                },
                Object {
                  "_class": "curvePoint",
                  "cornerRadius": 2,
                  "curveFrom": "{1, 0}",
                  "curveMode": 1,
                  "curveTo": "{1, 0}",
                  "hasCurveFrom": false,
                  "hasCurveTo": false,
                  "point": "{1, 0}",
                },
                Object {
                  "_class": "curvePoint",
                  "cornerRadius": 2,
                  "curveFrom": "{1, 1}",
                  "curveMode": 1,
                  "curveTo": "{1, 1}",
                  "hasCurveFrom": false,
                  "hasCurveTo": false,
                  "point": "{1, 1}",
                },
                Object {
                  "_class": "curvePoint",
                  "cornerRadius": 2,
                  "curveFrom": "{0, 1}",
                  "curveMode": 1,
                  "curveTo": "{0, 1}",
                  "hasCurveFrom": false,
                  "hasCurveTo": false,
                  "point": "{0, 1}",
                },
              ],
              "resizingConstraint": 63,
              "resizingType": 0,
              "rotation": 0,
              "shouldBreakMaskChain": false,
              "style": Object {
                "_class": "style",
                "borderOptions": Object {
                  "_class": "borderOptions",
                  "dashPattern": Array [],
                  "isEnabled": true,
                  "lineCapStyle": 0,
                  "lineJoinStyle": 0,
                },
                "borders": Array [
                  Object {
                    "_class": "border",
                    "color": Object {
                      "_class": "color",
                      "alpha": 1,
                      "blue": 0.8509803921568627,
                      "green": 0.8509803921568627,
                      "red": 0.8509803921568627,
                    },
                    "contextSettings": Object {
                      "_class": "graphicsContextSettings",
                      "blendMode": 0,
                      "opacity": 1,
                    },
                    "fillType": 0,
                    "gradient": Object {
                      "_class": "gradient",
                      "elipseLength": 0,
                      "from": "{0, 0}",
                      "gradientType": 0,
                      "stops": Array [],
                      "to": "{1, 0}",
                    },
                    "isEnabled": true,
                    "position": 1,
                    "thickness": 1,
                  },
                ],
                "colorControls": Object {
                  "_class": "colorControls",
                  "brightness": 0,
                  "contrast": 1,
                  "hue": 0,
                  "isEnabled": false,
                  "saturation": 1,
                },
                "contextSettings": Object {
                  "_class": "graphicsContextSettings",
                  "blendMode": 0,
                  "opacity": 1,
                },
                "do_objectID": "UUID",
                "endMarkerType": 0,
                "fills": Array [
                  Object {
                    "_class": "fill",
                    "color": Object {
                      "_class": "color",
                      "alpha": 1,
                      "blue": 1,
                      "green": 1,
                      "red": 1,
                    },
                    "contextSettings": Object {
                      "_class": "graphicsContextSettings",
                      "blendMode": 0,
                      "opacity": 1,
                    },
                    "fillType": 0,
                    "gradient": Object {
                      "_class": "gradient",
                      "elipseLength": 0,
                      "from": "{0, 0}",
                      "gradientType": 0,
                      "stops": Array [],
                      "to": "{1, 0}",
                    },
                    "isEnabled": true,
                    "noiseIndex": 0,
                    "noiseIntensity": 0,
                    "patternFillType": 1,
                    "patternTileScale": 1,
                  },
                ],
                "innerShadows": Array [],
                "miterLimit": 10,
                "shadows": Array [
                  Object {
                    "_class": "shadow",
                    "blurRadius": 0,
                    "color": Object {
                      "_class": "color",
                      "alpha": 0.016,
                      "blue": 0,
                      "green": 0,
                      "red": 0,
                    },
                    "contextSettings": Object {
                      "_class": "graphicsContextSettings",
                      "blendMode": 0,
                      "opacity": 1,
                    },
                    "isEnabled": true,
                    "offsetX": 0,
                    "offsetY": 2,
                    "spread": 0,
                  },
                ],
                "startMarkerType": 0,
                "windingRule": 1,
              },
            },
            Object {
              "_class": "text",
              "attributedString": Object {
                "_class": "attributedString",
                "attributes": Array [
                  Object {
                    "_class": "stringAttribute",
                    "attributes": Object {
                      "MSAttributedStringColorAttribute": Object {
                        "_class": "color",
                        "alpha": 0.85,
                        "blue": 0,
                        "green": 0,
                        "red": 0,
                      },
                      "MSAttributedStringFontAttribute": Object {
                        "_class": "fontDescriptor",
                        "attributes": Object {
                          "name": "PingFangSC-Regular",
                          "size": 14,
                        },
                      },
                      "MSAttributedStringTextTransformAttribute": 0,
                      "kerning": 0,
                      "paragraphStyle": Object {
                        "_class": "paragraphStyle",
                        "alignment": 2,
                        "maximumLineHeight": 22.001,
                        "minimumLineHeight": 22.001,
                      },
                      "strikethroughStyle": 0,
                      "underlineStyle": 0,
                    },
                    "length": 6,
                    "location": 0,
                  },
                ],
                "string": "Cancel",
              },
              "automaticallyDrawOnUnderlyingPath": false,
              "booleanOperation": -1,
              "clippingMaskMode": 0,
              "do_objectID": "UUID",
              "dontSynchroniseWithSymbol": false,
              "exportOptions": Object {
                "_class": "exportOptions",
                "exportFormats": Array [],
                "includedLayerIds": Array [],
                "layerOptions": 0,
                "shouldTrim": false,
              },
              "frame": Object {
                "_class": "rect",
                "constrainProportions": false,
                "height": 22,
                "width": 44.359375,
                "x": 16.0078125,
                "y": 5,
              },
              "glyphBounds": "",
              "hasClippingMask": false,
              "isFixedToViewport": false,
              "isFlippedHorizontal": false,
              "isFlippedVertical": false,
              "isLocked": false,
              "isVisible": true,
              "layerListExpandedType": 0,
              "lineSpacingBehaviour": 2,
              "name": "Cancel",
              "nameIsFixed": false,
              "resizingConstraint": 63,
              "resizingType": 0,
              "rotation": 0,
              "shouldBreakMaskChain": false,
              "style": Object {
                "_class": "style",
                "borderOptions": Object {
                  "_class": "borderOptions",
                  "dashPattern": Array [],
                  "isEnabled": true,
                  "lineCapStyle": 0,
                  "lineJoinStyle": 0,
                },
                "borders": Array [],
                "colorControls": Object {
                  "_class": "colorControls",
                  "brightness": 0,
                  "contrast": 1,
                  "hue": 0,
                  "isEnabled": false,
                  "saturation": 1,
                },
                "contextSettings": Object {
                  "_class": "graphicsContextSettings",
                  "blendMode": 0,
                  "opacity": 1,
                },
                "do_objectID": "UUID",
                "endMarkerType": 0,
                "fills": Array [],
                "innerShadows": Array [],
                "miterLimit": 10,
                "shadows": Array [],
                "startMarkerType": 0,
                "windingRule": 1,
              },
              "textBehaviour": 0,
            },
          ],
          "name": "按钮",
          "nameIsFixed": false,
          "resizingConstraint": 60,
          "resizingType": 0,
          "rotation": 0,
          "shouldBreakMaskChain": false,
          "style": Object {
            "_class": "style",
            "borderOptions": Object {
              "_class": "borderOptions",
              "dashPattern": Array [],
              "isEnabled": true,
              "lineCapStyle": 0,
              "lineJoinStyle": 0,
            },
            "borders": Array [],
            "colorControls": Object {
              "_class": "colorControls",
              "brightness": 0,
              "contrast": 1,
              "hue": 0,
              "isEnabled": false,
              "saturation": 1,
            },
            "contextSettings": Object {
              "_class": "graphicsContextSettings",
              "blendMode": 0,
              "opacity": 1,
            },
            "do_objectID": "UUID",
            "endMarkerType": 0,
            "fills": Array [],
            "innerShadows": Array [],
            "miterLimit": 10,
            "shadows": Array [],
            "startMarkerType": 0,
            "windingRule": 1,
          },
          "userInfo": null,
        },
        Object {
          "_class": "group",
          "booleanOperation": -1,
          "clippingMaskMode": 0,
          "do_objectID": "UUID",
          "exportOptions": Object {
            "_class": "exportOptions",
            "exportFormats": Array [],
            "includedLayerIds": Array [],
            "layerOptions": 0,
            "shouldTrim": false,
          },
          "frame": Object {
            "_class": "rect",
            "constrainProportions": false,
            "height": 32,
            "width": 51.734375,
            "x": 452.265625,
            "y": 11,
          },
          "groupLayout": Object {
            "_class": "MSImmutableInferredGroupLayout",
            "axis": 0,
            "layoutAnchor": 2,
          },
          "hasClickThrough": false,
          "hasClippingMask": false,
          "isFixedToViewport": false,
          "isFlippedHorizontal": false,
          "isFlippedVertical": false,
          "isLocked": false,
          "isVisible": true,
          "layerListExpandedType": 0,
          "layers": Array [
            Object {
              "_class": "rectangle",
              "booleanOperation": -1,
              "clippingMaskMode": 0,
              "do_objectID": "UUID",
              "edited": false,
              "exportOptions": Object {
                "_class": "exportOptions",
                "exportFormats": Array [],
                "includedLayerIds": Array [],
                "layerOptions": 0,
                "shouldTrim": false,
              },
              "fixedRadius": 0,
              "frame": Object {
                "_class": "rect",
                "constrainProportions": false,
                "height": 32,
                "width": 51.734375,
                "x": 0,
                "y": 0,
              },
              "hasConvertedToNewRoundCorners": true,
              "isClosed": true,
              "isFixedToViewport": false,
              "isFlippedHorizontal": false,
              "isFlippedVertical": false,
              "isLocked": false,
              "isVisible": true,
              "layerListExpandedType": 0,
              "name": "ant-btn ant-btn-primary",
              "nameIsFixed": false,
              "needsConvertionToNewRoundCorners": false,
              "pointRadiusBehaviour": 1,
              "points": Array [
                Object {
                  "_class": "curvePoint",
                  "cornerRadius": 2,
                  "curveFrom": "{0, 0}",
                  "curveMode": 1,
                  "curveTo": "{0, 0}",
                  "hasCurveFrom": false,
                  "hasCurveTo": false,
                  "point": "{0, 0}",
                },
                Object {
                  "_class": "curvePoint",
                  "cornerRadius": 2,
                  "curveFrom": "{1, 0}",
                  "curveMode": 1,
                  "curveTo": "{1, 0}",
                  "hasCurveFrom": false,
                  "hasCurveTo": false,
                  "point": "{1, 0}",
                },
                Object {
                  "_class": "curvePoint",
                  "cornerRadius": 2,
                  "curveFrom": "{1, 1}",
                  "curveMode": 1,
                  "curveTo": "{1, 1}",
                  "hasCurveFrom": false,
                  "hasCurveTo": false,
                  "point": "{1, 1}",
                },
                Object {
                  "_class": "curvePoint",
                  "cornerRadius": 2,
                  "curveFrom": "{0, 1}",
                  "curveMode": 1,
                  "curveTo": "{0, 1}",
                  "hasCurveFrom": false,
                  "hasCurveTo": false,
                  "point": "{0, 1}",
                },
              ],
              "resizingConstraint": 63,
              "resizingType": 0,
              "rotation": 0,
              "shouldBreakMaskChain": false,
              "style": Object {
                "_class": "style",
                "borderOptions": Object {
                  "_class": "borderOptions",
                  "dashPattern": Array [],
                  "isEnabled": true,
                  "lineCapStyle": 0,
                  "lineJoinStyle": 0,
                },
                "borders": Array [
                  Object {
                    "_class": "border",
                    "color": Object {
                      "_class": "color",
                      "alpha": 1,
                      "blue": 1,
                      "green": 0.5647058823529412,
                      "red": 0.09411764705882353,
                    },
                    "contextSettings": Object {
                      "_class": "graphicsContextSettings",
                      "blendMode": 0,
                      "opacity": 1,
                    },
                    "fillType": 0,
                    "gradient": Object {
                      "_class": "gradient",
                      "elipseLength": 0,
                      "from": "{0, 0}",
                      "gradientType": 0,
                      "stops": Array [],
                      "to": "{1, 0}",
                    },
                    "isEnabled": true,
                    "position": 1,
                    "thickness": 1,
                  },
                ],
                "colorControls": Object {
                  "_class": "colorControls",
                  "brightness": 0,
                  "contrast": 1,
                  "hue": 0,
                  "isEnabled": false,
                  "saturation": 1,
                },
                "contextSettings": Object {
                  "_class": "graphicsContextSettings",
                  "blendMode": 0,
                  "opacity": 1,
                },
                "do_objectID": "UUID",
                "endMarkerType": 0,
                "fills": Array [
                  Object {
                    "_class": "fill",
                    "color": Object {
                      "_class": "color",
                      "alpha": 1,
                      "blue": 1,
                      "green": 0.5647058823529412,
                      "red": 0.09411764705882353,
                    },
                    "contextSettings": Object {
                      "_class": "graphicsContextSettings",
                      "blendMode": 0,
                      "opacity": 1,
                    },
                    "fillType": 0,
                    "gradient": Object {
                      "_class": "gradient",
                      "elipseLength": 0,
                      "from": "{0, 0}",
                      "gradientType": 0,
                      "stops": Array [],
                      "to": "{1, 0}",
                    },
                    "isEnabled": true,
                    "noiseIndex": 0,
                    "noiseIntensity": 0,
                    "patternFillType": 1,
                    "patternTileScale": 1,
                  },
                ],
                "innerShadows": Array [],
                "miterLimit": 10,
                "shadows": Array [
                  Object {
                    "_class": "shadow",
                    "blurRadius": 0,
                    "color": Object {
                      "_class": "color",
                      "alpha": 0.043,
                      "blue": 0,
                      "green": 0,
                      "red": 0,
                    },
                    "contextSettings": Object {
                      "_class": "graphicsContextSettings",
                      "blendMode": 0,
                      "opacity": 1,
                    },
                    "isEnabled": true,
                    "offsetX": 0,
                    "offsetY": 2,
                    "spread": 0,
                  },
                ],
                "startMarkerType": 0,
                "windingRule": 1,
              },
            },
            Object {
              "_class": "text",
              "attributedString": Object {
                "_class": "attributedString",
                "attributes": Array [
                  Object {
                    "_class": "stringAttribute",
                    "attributes": Object {
                      "MSAttributedStringColorAttribute": Object {
                        "_class": "color",
                        "alpha": 1,
                        "blue": 1,
                        "green": 1,
                        "red": 1,
                      },
                      "MSAttributedStringFontAttribute": Object {
                        "_class": "fontDescriptor",
                        "attributes": Object {
                          "name": "PingFangSC-Regular",
                          "size": 14,
                        },
                      },
                      "MSAttributedStringTextTransformAttribute": 0,
                      "kerning": 0,
                      "paragraphStyle": Object {
                        "_class": "paragraphStyle",
                        "alignment": 2,
                        "maximumLineHeight": 22.001,
                        "minimumLineHeight": 22.001,
                      },
                      "strikethroughStyle": 0,
                      "underlineStyle": 0,
                    },
                    "length": 2,
                    "location": 0,
                  },
                ],
                "string": "OK",
              },
              "automaticallyDrawOnUnderlyingPath": false,
              "booleanOperation": -1,
              "clippingMaskMode": 0,
              "do_objectID": "UUID",
              "dontSynchroniseWithSymbol": false,
              "exportOptions": Object {
                "_class": "exportOptions",
                "exportFormats": Array [],
                "includedLayerIds": Array [],
                "layerOptions": 0,
                "shouldTrim": false,
              },
              "frame": Object {
                "_class": "rect",
                "constrainProportions": false,
                "height": 22,
                "width": 19.71875,
                "x": 16.0078125,
                "y": 5,
              },
              "glyphBounds": "",
              "hasClippingMask": false,
              "isFixedToViewport": false,
              "isFlippedHorizontal": false,
              "isFlippedVertical": false,
              "isLocked": false,
              "isVisible": true,
              "layerListExpandedType": 0,
              "lineSpacingBehaviour": 2,
              "name": "OK",
              "nameIsFixed": false,
              "resizingConstraint": 63,
              "resizingType": 0,
              "rotation": 0,
              "shouldBreakMaskChain": false,
              "style": Object {
                "_class": "style",
                "borderOptions": Object {
                  "_class": "borderOptions",
                  "dashPattern": Array [],
                  "isEnabled": true,
                  "lineCapStyle": 0,
                  "lineJoinStyle": 0,
                },
                "borders": Array [],
                "colorControls": Object {
                  "_class": "colorControls",
                  "brightness": 0,
                  "contrast": 1,
                  "hue": 0,
                  "isEnabled": false,
                  "saturation": 1,
                },
                "contextSettings": Object {
                  "_class": "graphicsContextSettings",
                  "blendMode": 0,
                  "opacity": 1,
                },
                "do_objectID": "UUID",
                "endMarkerType": 0,
                "fills": Array [],
                "innerShadows": Array [],
                "miterLimit": 10,
                "shadows": Array [],
                "startMarkerType": 0,
                "windingRule": 1,
              },
              "textBehaviour": 0,
            },
          ],
          "name": "按钮",
          "nameIsFixed": false,
          "resizingConstraint": 60,
          "resizingType": 0,
          "rotation": 0,
          "shouldBreakMaskChain": false,
          "style": Object {
            "_class": "style",
            "borderOptions": Object {
              "_class": "borderOptions",
              "dashPattern": Array [],
              "isEnabled": true,
              "lineCapStyle": 0,
              "lineJoinStyle": 0,
            },
            "borders": Array [],
            "colorControls": Object {
              "_class": "colorControls",
              "brightness": 0,
              "contrast": 1,
              "hue": 0,
              "isEnabled": false,
              "saturation": 1,
            },
            "contextSettings": Object {
              "_class": "graphicsContextSettings",
              "blendMode": 0,
              "opacity": 1,
            },
            "do_objectID": "UUID",
            "endMarkerType": 0,
            "fills": Array [],
            "innerShadows": Array [],
            "miterLimit": 10,
            "shadows": Array [],
            "startMarkerType": 0,
            "windingRule": 1,
          },
          "userInfo": null,
        },
      ],
      "name": "编组",
      "nameIsFixed": false,
      "resizingConstraint": 34,
      "resizingType": 0,
      "rotation": 0,
      "shouldBreakMaskChain": false,
      "style": Object {
        "_class": "style",
        "borderOptions": Object {
          "_class": "borderOptions",
          "dashPattern": Array [],
          "isEnabled": true,
          "lineCapStyle": 0,
          "lineJoinStyle": 0,
        },
        "borders": Array [],
        "colorControls": Object {
          "_class": "colorControls",
          "brightness": 0,
          "contrast": 1,
          "hue": 0,
          "isEnabled": false,
          "saturation": 1,
        },
        "contextSettings": Object {
          "_class": "graphicsContextSettings",
          "blendMode": 0,
          "opacity": 1,
        },
        "do_objectID": "UUID",
        "endMarkerType": 0,
        "fills": Array [],
        "innerShadows": Array [],
        "miterLimit": 10,
        "shadows": Array [],
        "startMarkerType": 0,
        "windingRule": 1,
      },
      "userInfo": null,
    },
    Object {
      "_class": "shapePath",
      "booleanOperation": -1,
      "clippingMaskMode": 0,
      "do_objectID": "UUID",
      "edited": true,
      "exportOptions": Object {
        "_class": "exportOptions",
        "exportFormats": Array [],
        "includedLayerIds": Array [],
        "layerOptions": 0,
        "shouldTrim": false,
      },
      "frame": Object {
        "_class": "rect",
        "constrainProportions": false,
        "height": 11.642801698213486,
        "width": 11.307373046875,
        "x": 486.33917236328125,
        "y": 22.178573608398438,
      },
      "isClosed": true,
      "isFixedToViewport": false,
      "isFlippedHorizontal": false,
      "isFlippedVertical": false,
      "isLocked": false,
      "isVisible": true,
      "layerListExpandedType": 0,
      "name": "路径",
      "nameIsFixed": false,
      "pointRadiusBehaviour": 1,
      "points": Array [
        Object {
          "_class": "curvePoint",
          "cornerRadius": 0,
          "curveFrom": "{0.5824363220872584, 0.49999990789089044}",
          "curveMode": 1,
          "curveTo": "{0.5824363220872584, 0.49999990789089044}",
          "hasCurveFrom": false,
          "hasCurveTo": false,
          "point": "{0.5824363220872584, 0.49999990789089044}",
        },
        Object {
          "_class": "curvePoint",
          "cornerRadius": 0,
          "curveFrom": "{1.0039354478552527, 0.012116562185086046}",
          "curveMode": 4,
          "curveTo": "{0.9969867923536446, 0.020092020838560355}",
          "hasCurveFrom": true,
          "hasCurveTo": false,
          "point": "{0.9969867923536446, 0.020092020838560355}",
        },
        Object {
          "_class": "curvePoint",
          "cornerRadius": 0,
          "curveFrom": "{0.9873534290445971, 4.3591570850624706e-17}",
          "curveMode": 4,
          "curveTo": "{0.9980922602743552, 4.3591570850624706e-17}",
          "hasCurveFrom": false,
          "hasCurveTo": true,
          "point": "{0.9873534290445971, 4.3591570850624706e-17}",
        },
        Object {
          "_class": "curvePoint",
          "cornerRadius": 0,
          "curveFrom": "{0.853907658615989, 4.3591570850624706e-17}",
          "curveMode": 4,
          "curveTo": "{0.8613300860836157, 4.3591570850624706e-17}",
          "hasCurveFrom": true,
          "hasCurveTo": false,
          "point": "{0.8613300860836157, 4.3591570850624706e-17}",
        },
        Object {
          "_class": "curvePoint",
          "cornerRadius": 0,
          "curveFrom": "{0.841905435476848, 0.008742329677846883}",
          "curveMode": 4,
          "curveTo": "{0.8468010791257081, 0.003220858302364666}",
          "hasCurveFrom": false,
          "hasCurveTo": true,
          "point": "{0.841905435476848, 0.008742329677846883}",
        },
        Object {
          "_class": "curvePoint",
          "cornerRadius": 0,
          "curveFrom": "{0.5, 0.40460115245894757}",
          "curveMode": 1,
          "curveTo": "{0.5, 0.40460115245894757}",
          "hasCurveFrom": false,
          "hasCurveTo": false,
          "point": "{0.5, 0.40460115245894757}",
        },
        Object {
          "_class": "curvePoint",
          "cornerRadius": 0,
          "curveFrom": "{0.15335684486296466, 0.0032208583023646225}",
          "curveMode": 4,
          "curveTo": "{0.15809456452315193, 0.00874232967784684}",
          "hasCurveFrom": true,
          "hasCurveTo": false,
          "point": "{0.15809456452315193, 0.00874232967784684}",
        },
        Object {
          "_class": "curvePoint",
          "cornerRadius": 0,
          "curveFrom": "{0.13866991391638409, 0}",
          "curveMode": 4,
          "curveTo": "{0.14625026537268374, 0}",
          "hasCurveFrom": false,
          "hasCurveTo": true,
          "point": "{0.13866991391638409, 0}",
        },
        Object {
          "_class": "curvePoint",
          "cornerRadius": 0,
          "curveFrom": "{0.0019077397256448262, 0}",
          "curveMode": 4,
          "curveTo": "{0.012646570955402657, 0}",
          "hasCurveFrom": true,
          "hasCurveTo": false,
          "point": "{0.012646570955402657, 0}",
        },
        Object {
          "_class": "curvePoint",
          "cornerRadius": 0,
          "curveFrom": "{0.0030132076463552163, 0.020092020838560314}",
          "curveMode": 4,
          "curveTo": "{-0.00393544785525279, 0.012116562185086005}",
          "hasCurveFrom": false,
          "hasCurveTo": true,
          "point": "{0.0030132076463552163, 0.020092020838560314}",
        },
        Object {
          "_class": "curvePoint",
          "cornerRadius": 0,
          "curveFrom": "{0.41756367791274135, 0.49999990789089044}",
          "curveMode": 1,
          "curveTo": "{0.41756367791274135, 0.49999990789089044}",
          "hasCurveFrom": false,
          "hasCurveTo": false,
          "point": "{0.41756367791274135, 0.49999990789089044}",
        },
        Object {
          "_class": "curvePoint",
          "cornerRadius": 0,
          "curveFrom": "{-0.0001654058060384668, 0.9835380063627233}",
          "curveMode": 4,
          "curveTo": "{0.0030132076463552163, 0.9799077949432204}",
          "hasCurveFrom": true,
          "hasCurveTo": false,
          "point": "{0.0030132076463552163, 0.9799077949432204}",
        },
        Object {
          "_class": "curvePoint",
          "cornerRadius": 0,
          "curveFrom": "{0.003267275657007927, 0.9972737907220559}",
          "curveMode": 3,
          "curveTo": "{-0.0008752124760347978, 0.9886339257836687}",
          "hasCurveFrom": true,
          "hasCurveTo": true,
          "point": "{0.0011960315904865633, 0.9929538582528623}",
        },
        Object {
          "_class": "curvePoint",
          "cornerRadius": 0,
          "curveFrom": "{0.012646570955402664, 0.9999998157817809}",
          "curveMode": 4,
          "curveTo": "{0.007739967881861092, 1.0000260103731928}",
          "hasCurveFrom": false,
          "hasCurveTo": true,
          "point": "{0.012646570955402664, 0.9999998157817809}",
        },
        Object {
          "_class": "curvePoint",
          "cornerRadius": 0,
          "curveFrom": "{0.1460923413840108, 0.9999998157817809}",
          "curveMode": 4,
          "curveTo": "{0.13866991391638409, 0.9999998157817809}",
          "hasCurveFrom": true,
          "hasCurveTo": false,
          "point": "{0.13866991391638409, 0.9999998157817809}",
        },
        Object {
          "_class": "curvePoint",
          "cornerRadius": 0,
          "curveFrom": "{0.15809456452315193, 0.9912574861039339}",
          "curveMode": 4,
          "curveTo": "{0.1531989208742917, 0.996778957479416}",
          "hasCurveFrom": false,
          "hasCurveTo": true,
          "point": "{0.15809456452315193, 0.9912574861039339}",
        },
        Object {
          "_class": "curvePoint",
          "cornerRadius": 0,
          "curveFrom": "{0.5, 0.5953986633228332}",
          "curveMode": 1,
          "curveTo": "{0.5, 0.5953986633228332}",
          "hasCurveFrom": false,
          "hasCurveTo": false,
          "point": "{0.5, 0.5953986633228332}",
        },
        Object {
          "_class": "curvePoint",
          "cornerRadius": 0,
          "curveFrom": "{0.8466431551370354, 0.996778957479416}",
          "curveMode": 4,
          "curveTo": "{0.841905435476848, 0.9912574861039339}",
          "hasCurveFrom": true,
          "hasCurveTo": false,
          "point": "{0.841905435476848, 0.9912574861039339}",
        },
        Object {
          "_class": "curvePoint",
          "cornerRadius": 0,
          "curveFrom": "{0.8613300860836157, 0.9999998157817809}",
          "curveMode": 4,
          "curveTo": "{0.8537497346273162, 0.9999998157817809}",
          "hasCurveFrom": false,
          "hasCurveTo": true,
          "point": "{0.8613300860836157, 0.9999998157817809}",
        },
        Object {
          "_class": "curvePoint",
          "cornerRadius": 0,
          "curveFrom": "{0.9980922602743549, 0.9999998157817809}",
          "curveMode": 4,
          "curveTo": "{0.9873534290445971, 0.9999998157817809}",
          "hasCurveFrom": true,
          "hasCurveTo": false,
          "point": "{0.9873534290445971, 0.9999998157817809}",
        },
        Object {
          "_class": "curvePoint",
          "cornerRadius": 0,
          "curveFrom": "{0.9969867923536446, 0.9799077949432204}",
          "curveMode": 4,
          "curveTo": "{1.0039354478552527, 0.9878832535966949}",
          "hasCurveFrom": false,
          "hasCurveTo": true,
          "point": "{0.9969867923536446, 0.9799077949432204}",
        },
      ],
      "resizingConstraint": 12,
      "resizingType": 0,
      "rotation": 0,
      "shouldBreakMaskChain": false,
      "style": Object {
        "_class": "style",
        "borderOptions": Object {
          "_class": "borderOptions",
          "dashPattern": Array [],
          "isEnabled": true,
          "lineCapStyle": 0,
          "lineJoinStyle": 0,
        },
        "borders": Array [],
        "colorControls": Object {
          "_class": "colorControls",
          "brightness": 0,
          "contrast": 1,
          "hue": 0,
          "isEnabled": false,
          "saturation": 1,
        },
        "contextSettings": Object {
          "_class": "graphicsContextSettings",
          "blendMode": 0,
          "opacity": 1,
        },
        "do_objectID": "UUID",
        "endMarkerType": 0,
        "fills": Array [
          Object {
            "_class": "fill",
            "color": Object {
              "_class": "color",
              "alpha": 0.45,
              "blue": 0,
              "green": 0,
              "red": 0,
            },
            "contextSettings": Object {
              "_class": "graphicsContextSettings",
              "blendMode": 0,
              "opacity": 1,
            },
            "fillType": 0,
            "gradient": Object {
              "_class": "gradient",
              "elipseLength": 0,
              "from": "{0, 0}",
              "gradientType": 0,
              "stops": Array [],
              "to": "{1, 0}",
            },
            "isEnabled": true,
            "noiseIndex": 0,
            "noiseIntensity": 0,
            "patternFillType": 1,
            "patternTileScale": 1,
          },
        ],
        "innerShadows": Array [],
        "miterLimit": 10,
        "shadows": Array [],
        "startMarkerType": 0,
        "windingRule": 1,
      },
    },
  ],
  "name": "Modal",
  "nameIsFixed": false,
  "overrideProperties": Array [
    Object {
      "_class": "MSImmutableOverrideProperty",
      "canOverride": true,
      "overrideName": "UUID_stringValue",
    },
  ],
  "resizesContent": false,
  "resizingConstraint": 1,
  "resizingType": 1,
  "rotation": 0,
  "sharedStyleID": "",
  "shouldBreakMaskChain": false,
  "symbolID": "UUID",
  "verticalRulerData": Object {
    "_class": "rulerData",
    "base": 0,
    "guides": Array [],
  },
}
`;
