// Jest Snapshot v1, https://goo.gl/fbAQLP

exports[`测试 Modal 类型 Modal 正常 1`] = `
Object {
  "_class": "symbolMaster",
  "allowsOverrides": true,
  "backgroundColor": Object {
    "_class": "color",
    "alpha": 1,
    "blue": 1,
    "green": 1,
    "red": 1,
  },
  "booleanOperation": -1,
  "changeIdentifier": 0,
  "do_objectID": "UUID",
  "exportOptions": Object {
    "_class": "exportOptions",
    "exportFormats": Array [],
    "includedLayerIds": Array [],
    "layerOptions": 0,
    "shouldTrim": false,
  },
  "frame": Object {
    "_class": "rect",
    "constrainProportions": false,
    "height": 175.9388885498047,
    "width": 513.978759765625,
    "x": 143.01063537597656,
    "y": 200.1695098876953,
  },
  "groupLayout": Object {
    "_class": "MSImmutableFreeformGroupLayout",
  },
  "hasBackgroundColor": false,
  "hasClickThrough": true,
  "horizontalRulerData": Object {
    "_class": "rulerData",
    "base": 0,
    "guides": Array [],
  },
  "includeBackgroundColorInExport": true,
  "includeBackgroundColorInInstance": false,
  "includeInCloudUpload": true,
  "isFixedToViewport": false,
  "isFlippedHorizontal": false,
  "isFlippedVertical": false,
  "isFlowHome": false,
  "isLocked": false,
  "isVisible": true,
  "layerListExpandedType": 0,
  "layers": Array [
    Object {
      "_class": "rectangle",
      "booleanOperation": -1,
      "clippingMaskMode": 0,
      "do_objectID": "UUID",
      "edited": false,
      "exportOptions": Object {
        "_class": "exportOptions",
        "exportFormats": Array [],
        "includedLayerIds": Array [],
        "layerOptions": 0,
        "shouldTrim": false,
      },
      "fixedRadius": 0,
      "frame": Object {
        "_class": "rect",
        "constrainProportions": false,
        "height": 175.9388885498047,
        "width": 513.978759765625,
        "x": 0,
        "y": 0,
      },
      "hasConvertedToNewRoundCorners": true,
      "isClosed": true,
      "isFixedToViewport": false,
      "isFlippedHorizontal": false,
      "isFlippedVertical": false,
      "isLocked": false,
      "isVisible": true,
      "layerListExpandedType": 0,
      "name": "ant-modal-content",
      "nameIsFixed": false,
      "needsConvertionToNewRoundCorners": false,
      "pointRadiusBehaviour": 1,
      "points": Array [
        Object {
          "_class": "curvePoint",
          "cornerRadius": 2,
          "curveFrom": "{0, 0}",
          "curveMode": 1,
          "curveTo": "{0, 0}",
          "hasCurveFrom": false,
          "hasCurveTo": false,
          "point": "{0, 0}",
        },
        Object {
          "_class": "curvePoint",
          "cornerRadius": 2,
          "curveFrom": "{1, 0}",
          "curveMode": 1,
          "curveTo": "{1, 0}",
          "hasCurveFrom": false,
          "hasCurveTo": false,
          "point": "{1, 0}",
        },
        Object {
          "_class": "curvePoint",
          "cornerRadius": 2,
          "curveFrom": "{1, 1}",
          "curveMode": 1,
          "curveTo": "{1, 1}",
          "hasCurveFrom": false,
          "hasCurveTo": false,
          "point": "{1, 1}",
        },
        Object {
          "_class": "curvePoint",
          "cornerRadius": 2,
          "curveFrom": "{0, 1}",
          "curveMode": 1,
          "curveTo": "{0, 1}",
          "hasCurveFrom": false,
          "hasCurveTo": false,
          "point": "{0, 1}",
        },
      ],
      "resizingConstraint": 63,
      "resizingType": 0,
      "rotation": 0,
      "shouldBreakMaskChain": false,
      "style": Object {
        "_class": "style",
        "borderOptions": Object {
          "_class": "borderOptions",
          "dashPattern": Array [],
          "isEnabled": true,
          "lineCapStyle": 0,
          "lineJoinStyle": 0,
        },
        "borders": Array [
          Object {
            "_class": "border",
            "color": Object {
              "_class": "color",
              "alpha": 0.85,
              "blue": 0,
              "green": 0,
              "red": 0,
            },
            "contextSettings": Object {
              "_class": "graphicsContextSettings",
              "blendMode": 0,
              "opacity": 1,
            },
            "fillType": 0,
            "gradient": Object {
              "_class": "gradient",
              "elipseLength": 0,
              "from": "{0, 0}",
              "gradientType": 0,
              "stops": Array [],
              "to": "{1, 0}",
            },
            "isEnabled": true,
            "position": 1,
            "thickness": 0,
          },
        ],
        "colorControls": Object {
          "_class": "colorControls",
          "brightness": 0,
          "contrast": 1,
          "hue": 0,
          "isEnabled": false,
          "saturation": 1,
        },
        "contextSettings": Object {
          "_class": "graphicsContextSettings",
          "blendMode": 0,
          "opacity": 1,
        },
        "do_objectID": "UUID",
        "endMarkerType": 0,
        "fills": Array [
          Object {
            "_class": "fill",
            "color": Object {
              "_class": "color",
              "alpha": 1,
              "blue": 1,
              "green": 1,
              "red": 1,
            },
            "contextSettings": Object {
              "_class": "graphicsContextSettings",
              "blendMode": 0,
              "opacity": 1,
            },
            "fillType": 0,
            "gradient": Object {
              "_class": "gradient",
              "elipseLength": 0,
              "from": "{0, 0}",
              "gradientType": 0,
              "stops": Array [],
              "to": "{1, 0}",
            },
            "isEnabled": true,
            "noiseIndex": 0,
            "noiseIntensity": 0,
            "patternFillType": 1,
            "patternTileScale": 1,
          },
        ],
        "innerShadows": Array [],
        "miterLimit": 10,
        "shadows": Array [
          Object {
            "_class": "shadow",
            "blurRadius": 6,
            "color": Object {
              "_class": "color",
              "alpha": 0.12,
              "blue": 0,
              "green": 0,
              "red": 0,
            },
            "contextSettings": Object {
              "_class": "graphicsContextSettings",
              "blendMode": 0,
              "opacity": 1,
            },
            "isEnabled": true,
            "offsetX": 0,
            "offsetY": 3,
            "spread": -4,
          },
          Object {
            "_class": "shadow",
            "blurRadius": 16,
            "color": Object {
              "_class": "color",
              "alpha": 0.08,
              "blue": 0,
              "green": 0,
              "red": 0,
            },
            "contextSettings": Object {
              "_class": "graphicsContextSettings",
              "blendMode": 0,
              "opacity": 1,
            },
            "isEnabled": true,
            "offsetX": 0,
            "offsetY": 6,
            "spread": 0,
          },
          Object {
            "_class": "shadow",
            "blurRadius": 28,
            "color": Object {
              "_class": "color",
              "alpha": 0.05,
              "blue": 0,
              "green": 0,
              "red": 0,
            },
            "contextSettings": Object {
              "_class": "graphicsContextSettings",
              "blendMode": 0,
              "opacity": 1,
            },
            "isEnabled": true,
            "offsetX": 0,
            "offsetY": 9,
            "spread": 8,
          },
        ],
        "startMarkerType": 0,
        "windingRule": 1,
      },
    },
    Object {
      "_class": "group",
      "booleanOperation": -1,
      "clippingMaskMode": 0,
      "do_objectID": "UUID",
      "exportOptions": Object {
        "_class": "exportOptions",
        "exportFormats": Array [],
        "includedLayerIds": Array [],
        "layerOptions": 0,
        "shouldTrim": false,
      },
      "frame": Object {
        "_class": "rect",
        "constrainProportions": false,
        "height": 54.36314392089844,
        "width": 513.978759765625,
        "x": 0,
        "y": 0,
      },
      "groupLayout": Object {
        "_class": "MSImmutableInferredGroupLayout",
        "axis": 0,
        "layoutAnchor": 0,
      },
      "hasClickThrough": false,
      "hasClippingMask": false,
      "isFixedToViewport": false,
      "isFlippedHorizontal": false,
      "isFlippedVertical": false,
      "isLocked": false,
      "isVisible": true,
      "layerListExpandedType": 0,
      "layers": Array [
        Object {
          "_class": "rectangle",
          "booleanOperation": -1,
          "clippingMaskMode": 0,
          "do_objectID": "UUID",
          "edited": false,
          "exportOptions": Object {
            "_class": "exportOptions",
            "exportFormats": Array [],
            "includedLayerIds": Array [],
            "layerOptions": 0,
            "shouldTrim": false,
          },
          "fixedRadius": 0,
          "frame": Object {
            "_class": "rect",
            "constrainProportions": false,
            "height": 54.36314392089844,
            "width": 513.978759765625,
            "x": 0,
            "y": 0,
          },
          "hasConvertedToNewRoundCorners": true,
          "isClosed": true,
          "isFixedToViewport": false,
          "isFlippedHorizontal": false,
          "isFlippedVertical": false,
          "isLocked": false,
          "isVisible": true,
          "layerListExpandedType": 0,
          "name": "ant-modal-header",
          "nameIsFixed": false,
          "needsConvertionToNewRoundCorners": false,
          "pointRadiusBehaviour": 1,
          "points": Array [
            Object {
              "_class": "curvePoint",
              "cornerRadius": 2,
              "curveFrom": "{0, 0}",
              "curveMode": 1,
              "curveTo": "{0, 0}",
              "hasCurveFrom": false,
              "hasCurveTo": false,
              "point": "{0, 0}",
            },
            Object {
              "_class": "curvePoint",
              "cornerRadius": 2,
              "curveFrom": "{1, 0}",
              "curveMode": 1,
              "curveTo": "{1, 0}",
              "hasCurveFrom": false,
              "hasCurveTo": false,
              "point": "{1, 0}",
            },
            Object {
              "_class": "curvePoint",
              "cornerRadius": 0,
              "curveFrom": "{1, 1}",
              "curveMode": 1,
              "curveTo": "{1, 1}",
              "hasCurveFrom": false,
              "hasCurveTo": false,
              "point": "{1, 1}",
            },
            Object {
              "_class": "curvePoint",
              "cornerRadius": 0,
              "curveFrom": "{0, 1}",
              "curveMode": 1,
              "curveTo": "{0, 1}",
              "hasCurveFrom": false,
              "hasCurveTo": false,
              "point": "{0, 1}",
            },
          ],
          "resizingConstraint": 63,
          "resizingType": 0,
          "rotation": 0,
          "shouldBreakMaskChain": false,
          "style": Object {
            "_class": "style",
            "borderOptions": Object {
              "_class": "borderOptions",
              "dashPattern": Array [],
              "isEnabled": true,
              "lineCapStyle": 0,
              "lineJoinStyle": 0,
            },
            "borders": Array [],
            "colorControls": Object {
              "_class": "colorControls",
              "brightness": 0,
              "contrast": 1,
              "hue": 0,
              "isEnabled": false,
              "saturation": 1,
            },
            "contextSettings": Object {
              "_class": "graphicsContextSettings",
              "blendMode": 0,
              "opacity": 1,
            },
            "do_objectID": "UUID",
            "endMarkerType": 0,
            "fills": Array [
              Object {
                "_class": "fill",
                "color": Object {
                  "_class": "color",
                  "alpha": 1,
                  "blue": 1,
                  "green": 1,
                  "red": 1,
                },
                "contextSettings": Object {
                  "_class": "graphicsContextSettings",
                  "blendMode": 0,
                  "opacity": 1,
                },
                "fillType": 0,
                "gradient": Object {
                  "_class": "gradient",
                  "elipseLength": 0,
                  "from": "{0, 0}",
                  "gradientType": 0,
                  "stops": Array [],
                  "to": "{1, 0}",
                },
                "isEnabled": true,
                "noiseIndex": 0,
                "noiseIntensity": 0,
                "patternFillType": 1,
                "patternTileScale": 1,
              },
            ],
            "innerShadows": Array [
              Object {
                "_class": "innerShadow",
                "blurRadius": 0,
                "color": Object {
                  "_class": "color",
                  "alpha": 1,
                  "blue": 0.9411764705882353,
                  "green": 0.9411764705882353,
                  "red": 0.9411764705882353,
                },
                "contextSettings": Object {
                  "_class": "graphicsContextSettings",
                  "blendMode": 0,
                  "opacity": 1,
                },
                "isEnabled": true,
                "offsetX": 0,
                "offsetY": -1,
                "spread": 0,
              },
            ],
            "miterLimit": 10,
            "shadows": Array [],
            "startMarkerType": 0,
            "windingRule": 1,
          },
        },
        Object {
          "_class": "text",
          "attributedString": Object {
            "_class": "attributedString",
            "attributes": Array [
              Object {
                "_class": "stringAttribute",
                "attributes": Object {
                  "MSAttributedStringColorAttribute": Object {
                    "_class": "color",
                    "alpha": 0.85,
                    "blue": 0,
                    "green": 0,
                    "red": 0,
                  },
                  "MSAttributedStringFontAttribute": Object {
                    "_class": "fontDescriptor",
                    "attributes": Object {
                      "name": "PingFangSC-Medium",
                      "size": 16,
                    },
                  },
                  "MSAttributedStringTextTransformAttribute": 0,
                  "kerning": 0,
                  "paragraphStyle": Object {
                    "_class": "paragraphStyle",
                    "alignment": 0,
                    "maximumLineHeight": 22,
                    "minimumLineHeight": 22,
                  },
                  "strikethroughStyle": 0,
                  "underlineStyle": 0,
                },
                "length": 8,
                "location": 0,
              },
            ],
            "string": "Modal 测试",
          },
          "automaticallyDrawOnUnderlyingPath": false,
          "booleanOperation": -1,
          "clippingMaskMode": 0,
          "do_objectID": "UUID",
          "dontSynchroniseWithSymbol": false,
          "exportOptions": Object {
            "_class": "exportOptions",
            "exportFormats": Array [],
            "includedLayerIds": Array [],
            "layerOptions": 0,
            "shouldTrim": false,
          },
          "frame": Object {
            "_class": "rect",
            "constrainProportions": false,
            "height": 22,
            "width": 80.77250671386719,
            "x": 23.722091674804688,
            "y": 15.814727783203125,
          },
          "glyphBounds": "",
          "hasClippingMask": false,
          "isFixedToViewport": false,
          "isFlippedHorizontal": false,
          "isFlippedVertical": false,
          "isLocked": false,
          "isVisible": true,
          "layerListExpandedType": 0,
          "lineSpacingBehaviour": 2,
          "name": "Modal 测试",
          "nameIsFixed": false,
          "resizingConstraint": 63,
          "resizingType": 0,
          "rotation": 0,
          "shouldBreakMaskChain": false,
          "style": Object {
            "_class": "style",
            "borderOptions": Object {
              "_class": "borderOptions",
              "dashPattern": Array [],
              "isEnabled": true,
              "lineCapStyle": 0,
              "lineJoinStyle": 0,
            },
            "borders": Array [],
            "colorControls": Object {
              "_class": "colorControls",
              "brightness": 0,
              "contrast": 1,
              "hue": 0,
              "isEnabled": false,
              "saturation": 1,
            },
            "contextSettings": Object {
              "_class": "graphicsContextSettings",
              "blendMode": 0,
              "opacity": 1,
            },
            "do_objectID": "UUID",
            "endMarkerType": 0,
            "fills": Array [],
            "innerShadows": Array [],
            "miterLimit": 10,
            "shadows": Array [],
            "startMarkerType": 0,
            "windingRule": 1,
          },
          "textBehaviour": 0,
        },
      ],
      "name": "编组",
      "nameIsFixed": false,
      "resizingConstraint": 10,
      "resizingType": 0,
      "rotation": 0,
      "shouldBreakMaskChain": false,
      "style": Object {
        "_class": "style",
        "borderOptions": Object {
          "_class": "borderOptions",
          "dashPattern": Array [],
          "isEnabled": true,
          "lineCapStyle": 0,
          "lineJoinStyle": 0,
        },
        "borders": Array [],
        "colorControls": Object {
          "_class": "colorControls",
          "brightness": 0,
          "contrast": 1,
          "hue": 0,
          "isEnabled": false,
          "saturation": 1,
        },
        "contextSettings": Object {
          "_class": "graphicsContextSettings",
          "blendMode": 0,
          "opacity": 1,
        },
        "do_objectID": "UUID",
        "endMarkerType": 0,
        "fills": Array [],
        "innerShadows": Array [],
        "miterLimit": 10,
        "shadows": Array [],
        "startMarkerType": 0,
        "windingRule": 1,
      },
      "userInfo": null,
    },
    Object {
      "_class": "text",
      "attributedString": Object {
        "_class": "attributedString",
        "attributes": Array [
          Object {
            "_class": "stringAttribute",
            "attributes": Object {
              "MSAttributedStringColorAttribute": Object {
                "_class": "color",
                "alpha": 0.85,
                "blue": 0,
                "green": 0,
                "red": 0,
              },
              "MSAttributedStringFontAttribute": Object {
                "_class": "fontDescriptor",
                "attributes": Object {
                  "name": "PingFangSC-Regular",
                  "size": 14,
                },
              },
              "MSAttributedStringTextTransformAttribute": 0,
              "kerning": 0,
              "paragraphStyle": Object {
                "_class": "paragraphStyle",
                "alignment": 0,
                "maximumLineHeight": 22.001,
                "minimumLineHeight": 22.001,
              },
              "strikethroughStyle": 0,
              "underlineStyle": 0,
            },
            "length": 7,
            "location": 0,
          },
        ],
        "string": "这是里面的内容",
      },
      "automaticallyDrawOnUnderlyingPath": false,
      "booleanOperation": -1,
      "clippingMaskMode": 0,
      "do_objectID": "UUID",
      "dontSynchroniseWithSymbol": false,
      "exportOptions": Object {
        "_class": "exportOptions",
        "exportFormats": Array [],
        "includedLayerIds": Array [],
        "layerOptions": 0,
        "shouldTrim": false,
      },
      "frame": Object {
        "_class": "rect",
        "constrainProportions": false,
        "height": 22,
        "width": 96.865234375,
        "x": 24,
        "y": 78.36314392089844,
      },
      "glyphBounds": "",
      "hasClippingMask": false,
      "isFixedToViewport": false,
      "isFlippedHorizontal": false,
      "isFlippedVertical": false,
      "isLocked": false,
      "isVisible": true,
      "layerListExpandedType": 0,
      "lineSpacingBehaviour": 2,
      "name": "这是里面的内容",
      "nameIsFixed": false,
      "resizingConstraint": 63,
      "resizingType": 0,
      "rotation": 0,
      "shouldBreakMaskChain": false,
      "style": Object {
        "_class": "style",
        "borderOptions": Object {
          "_class": "borderOptions",
          "dashPattern": Array [],
          "isEnabled": true,
          "lineCapStyle": 0,
          "lineJoinStyle": 0,
        },
        "borders": Array [],
        "colorControls": Object {
          "_class": "colorControls",
          "brightness": 0,
          "contrast": 1,
          "hue": 0,
          "isEnabled": false,
          "saturation": 1,
        },
        "contextSettings": Object {
          "_class": "graphicsContextSettings",
          "blendMode": 0,
          "opacity": 1,
        },
        "do_objectID": "UUID",
        "endMarkerType": 0,
        "fills": Array [],
        "innerShadows": Array [],
        "miterLimit": 10,
        "shadows": Array [],
        "startMarkerType": 0,
        "windingRule": 1,
      },
      "textBehaviour": 0,
    },
    Object {
      "_class": "group",
      "booleanOperation": -1,
      "clippingMaskMode": 0,
      "do_objectID": "UUID",
      "exportOptions": Object {
        "_class": "exportOptions",
        "exportFormats": Array [],
        "includedLayerIds": Array [],
        "layerOptions": 0,
        "shouldTrim": false,
      },
      "frame": Object {
        "_class": "rect",
        "constrainProportions": false,
        "height": 52.38629150390625,
        "width": 513.978759765625,
        "x": 0,
        "y": 123.55259704589844,
      },
      "groupLayout": Object {
        "_class": "MSImmutableInferredGroupLayout",
        "axis": 0,
        "layoutAnchor": 2,
      },
      "hasClickThrough": false,
      "hasClippingMask": false,
      "isFixedToViewport": false,
      "isFlippedHorizontal": false,
      "isFlippedVertical": false,
      "isLocked": false,
      "isVisible": true,
      "layerListExpandedType": 0,
      "layers": Array [
        Object {
          "_class": "rectangle",
          "booleanOperation": -1,
          "clippingMaskMode": 0,
          "do_objectID": "UUID",
          "edited": false,
          "exportOptions": Object {
            "_class": "exportOptions",
            "exportFormats": Array [],
            "includedLayerIds": Array [],
            "layerOptions": 0,
            "shouldTrim": false,
          },
          "fixedRadius": 0,
          "frame": Object {
            "_class": "rect",
            "constrainProportions": false,
            "height": 52.38629150390625,
            "width": 513.978759765625,
            "x": 0,
            "y": 0,
          },
          "hasConvertedToNewRoundCorners": true,
          "isClosed": true,
          "isFixedToViewport": false,
          "isFlippedHorizontal": false,
          "isFlippedVertical": false,
          "isLocked": false,
          "isVisible": true,
          "layerListExpandedType": 0,
          "name": "ant-modal-footer",
          "nameIsFixed": false,
          "needsConvertionToNewRoundCorners": false,
          "pointRadiusBehaviour": 1,
          "points": Array [
            Object {
              "_class": "curvePoint",
              "cornerRadius": 0,
              "curveFrom": "{0, 0}",
              "curveMode": 1,
              "curveTo": "{0, 0}",
              "hasCurveFrom": false,
              "hasCurveTo": false,
              "point": "{0, 0}",
            },
            Object {
              "_class": "curvePoint",
              "cornerRadius": 0,
              "curveFrom": "{1, 0}",
              "curveMode": 1,
              "curveTo": "{1, 0}",
              "hasCurveFrom": false,
              "hasCurveTo": false,
              "point": "{1, 0}",
            },
            Object {
              "_class": "curvePoint",
              "cornerRadius": 2,
              "curveFrom": "{1, 1}",
              "curveMode": 1,
              "curveTo": "{1, 1}",
              "hasCurveFrom": false,
              "hasCurveTo": false,
              "point": "{1, 1}",
            },
            Object {
              "_class": "curvePoint",
              "cornerRadius": 2,
              "curveFrom": "{0, 1}",
              "curveMode": 1,
              "curveTo": "{0, 1}",
              "hasCurveFrom": false,
              "hasCurveTo": false,
              "point": "{0, 1}",
            },
          ],
          "resizingConstraint": 63,
          "resizingType": 0,
          "rotation": 0,
          "shouldBreakMaskChain": false,
          "style": Object {
            "_class": "style",
            "borderOptions": Object {
              "_class": "borderOptions",
              "dashPattern": Array [],
              "isEnabled": true,
              "lineCapStyle": 0,
              "lineJoinStyle": 0,
            },
            "borders": Array [],
            "colorControls": Object {
              "_class": "colorControls",
              "brightness": 0,
              "contrast": 1,
              "hue": 0,
              "isEnabled": false,
              "saturation": 1,
            },
            "contextSettings": Object {
              "_class": "graphicsContextSettings",
              "blendMode": 0,
              "opacity": 1,
            },
            "do_objectID": "UUID",
            "endMarkerType": 0,
            "fills": Array [
              Object {
                "_class": "fill",
                "color": Object {
                  "_class": "color",
                  "alpha": 0,
                  "blue": 0,
                  "green": 0,
                  "red": 0,
                },
                "contextSettings": Object {
                  "_class": "graphicsContextSettings",
                  "blendMode": 0,
                  "opacity": 1,
                },
                "fillType": 0,
                "gradient": Object {
                  "_class": "gradient",
                  "elipseLength": 0,
                  "from": "{0, 0}",
                  "gradientType": 0,
                  "stops": Array [],
                  "to": "{1, 0}",
                },
                "isEnabled": true,
                "noiseIndex": 0,
                "noiseIntensity": 0,
                "patternFillType": 1,
                "patternTileScale": 1,
              },
            ],
            "innerShadows": Array [
              Object {
                "_class": "innerShadow",
                "blurRadius": 0,
                "color": Object {
                  "_class": "color",
                  "alpha": 1,
                  "blue": 0.9411764705882353,
                  "green": 0.9411764705882353,
                  "red": 0.9411764705882353,
                },
                "contextSettings": Object {
                  "_class": "graphicsContextSettings",
                  "blendMode": 0,
                  "opacity": 1,
                },
                "isEnabled": true,
                "offsetX": 0,
                "offsetY": 1,
                "spread": 0,
              },
            ],
            "miterLimit": 10,
            "shadows": Array [],
            "startMarkerType": 0,
            "windingRule": 1,
          },
        },
        Object {
          "_class": "group",
          "booleanOperation": -1,
          "clippingMaskMode": 0,
          "do_objectID": "UUID",
          "exportOptions": Object {
            "_class": "exportOptions",
            "exportFormats": Array [],
            "includedLayerIds": Array [],
            "layerOptions": 0,
            "shouldTrim": false,
          },
          "frame": Object {
            "_class": "rect",
            "constrainProportions": false,
            "height": 31.62945556640625,
            "width": 75.49063110351562,
            "x": 363.6306915283203,
            "y": 10.87261962890625,
          },
          "groupLayout": Object {
            "_class": "MSImmutableInferredGroupLayout",
            "axis": 0,
            "layoutAnchor": 2,
          },
          "hasClickThrough": false,
          "hasClippingMask": false,
          "isFixedToViewport": false,
          "isFlippedHorizontal": false,
          "isFlippedVertical": false,
          "isLocked": false,
          "isVisible": true,
          "layerListExpandedType": 0,
          "layers": Array [
            Object {
              "_class": "rectangle",
              "booleanOperation": -1,
              "clippingMaskMode": 0,
              "do_objectID": "UUID",
              "edited": false,
              "exportOptions": Object {
                "_class": "exportOptions",
                "exportFormats": Array [],
                "includedLayerIds": Array [],
                "layerOptions": 0,
                "shouldTrim": false,
              },
              "fixedRadius": 0,
              "frame": Object {
                "_class": "rect",
                "constrainProportions": false,
                "height": 31.62945556640625,
                "width": 75.49063110351562,
                "x": 0,
                "y": 0,
              },
              "hasConvertedToNewRoundCorners": true,
              "isClosed": true,
              "isFixedToViewport": false,
              "isFlippedHorizontal": false,
              "isFlippedVertical": false,
              "isLocked": false,
              "isVisible": true,
              "layerListExpandedType": 0,
              "name": "ant-btn",
              "nameIsFixed": false,
              "needsConvertionToNewRoundCorners": false,
              "pointRadiusBehaviour": 1,
              "points": Array [
                Object {
                  "_class": "curvePoint",
                  "cornerRadius": 2,
                  "curveFrom": "{0, 0}",
                  "curveMode": 1,
                  "curveTo": "{0, 0}",
                  "hasCurveFrom": false,
                  "hasCurveTo": false,
                  "point": "{0, 0}",
                },
                Object {
                  "_class": "curvePoint",
                  "cornerRadius": 2,
                  "curveFrom": "{1, 0}",
                  "curveMode": 1,
                  "curveTo": "{1, 0}",
                  "hasCurveFrom": false,
                  "hasCurveTo": false,
                  "point": "{1, 0}",
                },
                Object {
                  "_class": "curvePoint",
                  "cornerRadius": 2,
                  "curveFrom": "{1, 1}",
                  "curveMode": 1,
                  "curveTo": "{1, 1}",
                  "hasCurveFrom": false,
                  "hasCurveTo": false,
                  "point": "{1, 1}",
                },
                Object {
                  "_class": "curvePoint",
                  "cornerRadius": 2,
                  "curveFrom": "{0, 1}",
                  "curveMode": 1,
                  "curveTo": "{0, 1}",
                  "hasCurveFrom": false,
                  "hasCurveTo": false,
                  "point": "{0, 1}",
                },
              ],
              "resizingConstraint": 63,
              "resizingType": 0,
              "rotation": 0,
              "shouldBreakMaskChain": false,
              "style": Object {
                "_class": "style",
                "borderOptions": Object {
                  "_class": "borderOptions",
                  "dashPattern": Array [],
                  "isEnabled": true,
                  "lineCapStyle": 0,
                  "lineJoinStyle": 0,
                },
                "borders": Array [
                  Object {
                    "_class": "border",
                    "color": Object {
                      "_class": "color",
                      "alpha": 1,
                      "blue": 0.8509803921568627,
                      "green": 0.8509803921568627,
                      "red": 0.8509803921568627,
                    },
                    "contextSettings": Object {
                      "_class": "graphicsContextSettings",
                      "blendMode": 0,
                      "opacity": 1,
                    },
                    "fillType": 0,
                    "gradient": Object {
                      "_class": "gradient",
                      "elipseLength": 0,
                      "from": "{0, 0}",
                      "gradientType": 0,
                      "stops": Array [],
                      "to": "{1, 0}",
                    },
                    "isEnabled": true,
                    "position": 1,
                    "thickness": 1,
                  },
                ],
                "colorControls": Object {
                  "_class": "colorControls",
                  "brightness": 0,
                  "contrast": 1,
                  "hue": 0,
                  "isEnabled": false,
                  "saturation": 1,
                },
                "contextSettings": Object {
                  "_class": "graphicsContextSettings",
                  "blendMode": 0,
                  "opacity": 1,
                },
                "do_objectID": "UUID",
                "endMarkerType": 0,
                "fills": Array [
                  Object {
                    "_class": "fill",
                    "color": Object {
                      "_class": "color",
                      "alpha": 1,
                      "blue": 1,
                      "green": 1,
                      "red": 1,
                    },
                    "contextSettings": Object {
                      "_class": "graphicsContextSettings",
                      "blendMode": 0,
                      "opacity": 1,
                    },
                    "fillType": 0,
                    "gradient": Object {
                      "_class": "gradient",
                      "elipseLength": 0,
                      "from": "{0, 0}",
                      "gradientType": 0,
                      "stops": Array [],
                      "to": "{1, 0}",
                    },
                    "isEnabled": true,
                    "noiseIndex": 0,
                    "noiseIntensity": 0,
                    "patternFillType": 1,
                    "patternTileScale": 1,
                  },
                ],
                "innerShadows": Array [],
                "miterLimit": 10,
                "shadows": Array [
                  Object {
                    "_class": "shadow",
                    "blurRadius": 0,
                    "color": Object {
                      "_class": "color",
                      "alpha": 0.016,
                      "blue": 0,
                      "green": 0,
                      "red": 0,
                    },
                    "contextSettings": Object {
                      "_class": "graphicsContextSettings",
                      "blendMode": 0,
                      "opacity": 1,
                    },
                    "isEnabled": true,
                    "offsetX": 0,
                    "offsetY": 2,
                    "spread": 0,
                  },
                ],
                "startMarkerType": 0,
                "windingRule": 1,
              },
            },
            Object {
              "_class": "text",
              "attributedString": Object {
                "_class": "attributedString",
                "attributes": Array [
                  Object {
                    "_class": "stringAttribute",
                    "attributes": Object {
                      "MSAttributedStringColorAttribute": Object {
                        "_class": "color",
                        "alpha": 0.85,
                        "blue": 0,
                        "green": 0,
                        "red": 0,
                      },
                      "MSAttributedStringFontAttribute": Object {
                        "_class": "fontDescriptor",
                        "attributes": Object {
                          "name": "PingFangSC-Regular",
                          "size": 14,
                        },
                      },
                      "MSAttributedStringTextTransformAttribute": 0,
                      "kerning": 0,
                      "paragraphStyle": Object {
                        "_class": "paragraphStyle",
                        "alignment": 2,
                        "maximumLineHeight": 22.001,
                        "minimumLineHeight": 22.001,
                      },
                      "strikethroughStyle": 0,
                      "underlineStyle": 0,
                    },
                    "length": 6,
                    "location": 0,
                  },
                ],
                "string": "Cancel",
              },
              "automaticallyDrawOnUnderlyingPath": false,
              "booleanOperation": -1,
              "clippingMaskMode": 0,
              "do_objectID": "UUID",
              "dontSynchroniseWithSymbol": false,
              "exportOptions": Object {
                "_class": "exportOptions",
                "exportFormats": Array [],
                "includedLayerIds": Array [],
                "layerOptions": 0,
                "shouldTrim": false,
              },
              "frame": Object {
                "_class": "rect",
                "constrainProportions": false,
                "height": 22,
                "width": 43.845703125,
                "x": 15.82244873046875,
                "y": 4.942108154296875,
              },
              "glyphBounds": "",
              "hasClippingMask": false,
              "isFixedToViewport": false,
              "isFlippedHorizontal": false,
              "isFlippedVertical": false,
              "isLocked": false,
              "isVisible": true,
              "layerListExpandedType": 0,
              "lineSpacingBehaviour": 2,
              "name": "Cancel",
              "nameIsFixed": false,
              "resizingConstraint": 63,
              "resizingType": 0,
              "rotation": 0,
              "shouldBreakMaskChain": false,
              "style": Object {
                "_class": "style",
                "borderOptions": Object {
                  "_class": "borderOptions",
                  "dashPattern": Array [],
                  "isEnabled": true,
                  "lineCapStyle": 0,
                  "lineJoinStyle": 0,
                },
                "borders": Array [],
                "colorControls": Object {
                  "_class": "colorControls",
                  "brightness": 0,
                  "contrast": 1,
                  "hue": 0,
                  "isEnabled": false,
                  "saturation": 1,
                },
                "contextSettings": Object {
                  "_class": "graphicsContextSettings",
                  "blendMode": 0,
                  "opacity": 1,
                },
                "do_objectID": "UUID",
                "endMarkerType": 0,
                "fills": Array [],
                "innerShadows": Array [],
                "miterLimit": 10,
                "shadows": Array [],
                "startMarkerType": 0,
                "windingRule": 1,
              },
              "textBehaviour": 0,
            },
          ],
          "name": "按钮",
          "nameIsFixed": false,
          "resizingConstraint": 60,
          "resizingType": 0,
          "rotation": 0,
          "shouldBreakMaskChain": false,
          "style": Object {
            "_class": "style",
            "borderOptions": Object {
              "_class": "borderOptions",
              "dashPattern": Array [],
              "isEnabled": true,
              "lineCapStyle": 0,
              "lineJoinStyle": 0,
            },
            "borders": Array [],
            "colorControls": Object {
              "_class": "colorControls",
              "brightness": 0,
              "contrast": 1,
              "hue": 0,
              "isEnabled": false,
              "saturation": 1,
            },
            "contextSettings": Object {
              "_class": "graphicsContextSettings",
              "blendMode": 0,
              "opacity": 1,
            },
            "do_objectID": "UUID",
            "endMarkerType": 0,
            "fills": Array [],
            "innerShadows": Array [],
            "miterLimit": 10,
            "shadows": Array [],
            "startMarkerType": 0,
            "windingRule": 1,
          },
          "userInfo": null,
        },
        Object {
          "_class": "group",
          "booleanOperation": -1,
          "clippingMaskMode": 0,
          "do_objectID": "UUID",
          "exportOptions": Object {
            "_class": "exportOptions",
            "exportFormats": Array [],
            "includedLayerIds": Array [],
            "layerOptions": 0,
            "shouldTrim": false,
          },
          "frame": Object {
            "_class": "rect",
            "constrainProportions": false,
            "height": 31.62945556640625,
            "width": 51.13531494140625,
            "x": 447.02867126464844,
            "y": 10.87261962890625,
          },
          "groupLayout": Object {
            "_class": "MSImmutableInferredGroupLayout",
            "axis": 0,
            "layoutAnchor": 2,
          },
          "hasClickThrough": false,
          "hasClippingMask": false,
          "isFixedToViewport": false,
          "isFlippedHorizontal": false,
          "isFlippedVertical": false,
          "isLocked": false,
          "isVisible": true,
          "layerListExpandedType": 0,
          "layers": Array [
            Object {
              "_class": "rectangle",
              "booleanOperation": -1,
              "clippingMaskMode": 0,
              "do_objectID": "UUID",
              "edited": false,
              "exportOptions": Object {
                "_class": "exportOptions",
                "exportFormats": Array [],
                "includedLayerIds": Array [],
                "layerOptions": 0,
                "shouldTrim": false,
              },
              "fixedRadius": 0,
              "frame": Object {
                "_class": "rect",
                "constrainProportions": false,
                "height": 31.62945556640625,
                "width": 51.13531494140625,
                "x": 0,
                "y": 0,
              },
              "hasConvertedToNewRoundCorners": true,
              "isClosed": true,
              "isFixedToViewport": false,
              "isFlippedHorizontal": false,
              "isFlippedVertical": false,
              "isLocked": false,
              "isVisible": true,
              "layerListExpandedType": 0,
              "name": "ant-btn ant-btn-primary",
              "nameIsFixed": false,
              "needsConvertionToNewRoundCorners": false,
              "pointRadiusBehaviour": 1,
              "points": Array [
                Object {
                  "_class": "curvePoint",
                  "cornerRadius": 2,
                  "curveFrom": "{0, 0}",
                  "curveMode": 1,
                  "curveTo": "{0, 0}",
                  "hasCurveFrom": false,
                  "hasCurveTo": false,
                  "point": "{0, 0}",
                },
                Object {
                  "_class": "curvePoint",
                  "cornerRadius": 2,
                  "curveFrom": "{1, 0}",
                  "curveMode": 1,
                  "curveTo": "{1, 0}",
                  "hasCurveFrom": false,
                  "hasCurveTo": false,
                  "point": "{1, 0}",
                },
                Object {
                  "_class": "curvePoint",
                  "cornerRadius": 2,
                  "curveFrom": "{1, 1}",
                  "curveMode": 1,
                  "curveTo": "{1, 1}",
                  "hasCurveFrom": false,
                  "hasCurveTo": false,
                  "point": "{1, 1}",
                },
                Object {
                  "_class": "curvePoint",
                  "cornerRadius": 2,
                  "curveFrom": "{0, 1}",
                  "curveMode": 1,
                  "curveTo": "{0, 1}",
                  "hasCurveFrom": false,
                  "hasCurveTo": false,
                  "point": "{0, 1}",
                },
              ],
              "resizingConstraint": 63,
              "resizingType": 0,
              "rotation": 0,
              "shouldBreakMaskChain": false,
              "style": Object {
                "_class": "style",
                "borderOptions": Object {
                  "_class": "borderOptions",
                  "dashPattern": Array [],
                  "isEnabled": true,
                  "lineCapStyle": 0,
                  "lineJoinStyle": 0,
                },
                "borders": Array [
                  Object {
                    "_class": "border",
                    "color": Object {
                      "_class": "color",
                      "alpha": 1,
                      "blue": 1,
                      "green": 0.5647058823529412,
                      "red": 0.09411764705882353,
                    },
                    "contextSettings": Object {
                      "_class": "graphicsContextSettings",
                      "blendMode": 0,
                      "opacity": 1,
                    },
                    "fillType": 0,
                    "gradient": Object {
                      "_class": "gradient",
                      "elipseLength": 0,
                      "from": "{0, 0}",
                      "gradientType": 0,
                      "stops": Array [],
                      "to": "{1, 0}",
                    },
                    "isEnabled": true,
                    "position": 1,
                    "thickness": 1,
                  },
                ],
                "colorControls": Object {
                  "_class": "colorControls",
                  "brightness": 0,
                  "contrast": 1,
                  "hue": 0,
                  "isEnabled": false,
                  "saturation": 1,
                },
                "contextSettings": Object {
                  "_class": "graphicsContextSettings",
                  "blendMode": 0,
                  "opacity": 1,
                },
                "do_objectID": "UUID",
                "endMarkerType": 0,
                "fills": Array [
                  Object {
                    "_class": "fill",
                    "color": Object {
                      "_class": "color",
                      "alpha": 1,
                      "blue": 1,
                      "green": 0.5647058823529412,
                      "red": 0.09411764705882353,
                    },
                    "contextSettings": Object {
                      "_class": "graphicsContextSettings",
                      "blendMode": 0,
                      "opacity": 1,
                    },
                    "fillType": 0,
                    "gradient": Object {
                      "_class": "gradient",
                      "elipseLength": 0,
                      "from": "{0, 0}",
                      "gradientType": 0,
                      "stops": Array [],
                      "to": "{1, 0}",
                    },
                    "isEnabled": true,
                    "noiseIndex": 0,
                    "noiseIntensity": 0,
                    "patternFillType": 1,
                    "patternTileScale": 1,
                  },
                ],
                "innerShadows": Array [],
                "miterLimit": 10,
                "shadows": Array [
                  Object {
                    "_class": "shadow",
                    "blurRadius": 0,
                    "color": Object {
                      "_class": "color",
                      "alpha": 0.043,
                      "blue": 0,
                      "green": 0,
                      "red": 0,
                    },
                    "contextSettings": Object {
                      "_class": "graphicsContextSettings",
                      "blendMode": 0,
                      "opacity": 1,
                    },
                    "isEnabled": true,
                    "offsetX": 0,
                    "offsetY": 2,
                    "spread": 0,
                  },
                ],
                "startMarkerType": 0,
                "windingRule": 1,
              },
            },
            Object {
              "_class": "text",
              "attributedString": Object {
                "_class": "attributedString",
                "attributes": Array [
                  Object {
                    "_class": "stringAttribute",
                    "attributes": Object {
                      "MSAttributedStringColorAttribute": Object {
                        "_class": "color",
                        "alpha": 1,
                        "blue": 1,
                        "green": 1,
                        "red": 1,
                      },
                      "MSAttributedStringFontAttribute": Object {
                        "_class": "fontDescriptor",
                        "attributes": Object {
                          "name": "PingFangSC-Regular",
                          "size": 14,
                        },
                      },
                      "MSAttributedStringTextTransformAttribute": 0,
                      "kerning": 0,
                      "paragraphStyle": Object {
                        "_class": "paragraphStyle",
                        "alignment": 2,
                        "maximumLineHeight": 22.001,
                        "minimumLineHeight": 22.001,
                      },
                      "strikethroughStyle": 0,
                      "underlineStyle": 0,
                    },
                    "length": 2,
                    "location": 0,
                  },
                ],
                "string": "OK",
              },
              "automaticallyDrawOnUnderlyingPath": false,
              "booleanOperation": -1,
              "clippingMaskMode": 0,
              "do_objectID": "UUID",
              "dontSynchroniseWithSymbol": false,
              "exportOptions": Object {
                "_class": "exportOptions",
                "exportFormats": Array [],
                "includedLayerIds": Array [],
                "layerOptions": 0,
                "shouldTrim": false,
              },
              "frame": Object {
                "_class": "rect",
                "constrainProportions": false,
                "height": 22,
                "width": 19.49041748046875,
                "x": 15.822479248046875,
                "y": 4.942108154296875,
              },
              "glyphBounds": "",
              "hasClippingMask": false,
              "isFixedToViewport": false,
              "isFlippedHorizontal": false,
              "isFlippedVertical": false,
              "isLocked": false,
              "isVisible": true,
              "layerListExpandedType": 0,
              "lineSpacingBehaviour": 2,
              "name": "OK",
              "nameIsFixed": false,
              "resizingConstraint": 63,
              "resizingType": 0,
              "rotation": 0,
              "shouldBreakMaskChain": false,
              "style": Object {
                "_class": "style",
                "borderOptions": Object {
                  "_class": "borderOptions",
                  "dashPattern": Array [],
                  "isEnabled": true,
                  "lineCapStyle": 0,
                  "lineJoinStyle": 0,
                },
                "borders": Array [],
                "colorControls": Object {
                  "_class": "colorControls",
                  "brightness": 0,
                  "contrast": 1,
                  "hue": 0,
                  "isEnabled": false,
                  "saturation": 1,
                },
                "contextSettings": Object {
                  "_class": "graphicsContextSettings",
                  "blendMode": 0,
                  "opacity": 1,
                },
                "do_objectID": "UUID",
                "endMarkerType": 0,
                "fills": Array [],
                "innerShadows": Array [],
                "miterLimit": 10,
                "shadows": Array [],
                "startMarkerType": 0,
                "windingRule": 1,
              },
              "textBehaviour": 0,
            },
          ],
          "name": "按钮",
          "nameIsFixed": false,
          "resizingConstraint": 60,
          "resizingType": 0,
          "rotation": 0,
          "shouldBreakMaskChain": false,
          "style": Object {
            "_class": "style",
            "borderOptions": Object {
              "_class": "borderOptions",
              "dashPattern": Array [],
              "isEnabled": true,
              "lineCapStyle": 0,
              "lineJoinStyle": 0,
            },
            "borders": Array [],
            "colorControls": Object {
              "_class": "colorControls",
              "brightness": 0,
              "contrast": 1,
              "hue": 0,
              "isEnabled": false,
              "saturation": 1,
            },
            "contextSettings": Object {
              "_class": "graphicsContextSettings",
              "blendMode": 0,
              "opacity": 1,
            },
            "do_objectID": "UUID",
            "endMarkerType": 0,
            "fills": Array [],
            "innerShadows": Array [],
            "miterLimit": 10,
            "shadows": Array [],
            "startMarkerType": 0,
            "windingRule": 1,
          },
          "userInfo": null,
        },
      ],
      "name": "编组",
      "nameIsFixed": false,
      "resizingConstraint": 34,
      "resizingType": 0,
      "rotation": 0,
      "shouldBreakMaskChain": false,
      "style": Object {
        "_class": "style",
        "borderOptions": Object {
          "_class": "borderOptions",
          "dashPattern": Array [],
          "isEnabled": true,
          "lineCapStyle": 0,
          "lineJoinStyle": 0,
        },
        "borders": Array [],
        "colorControls": Object {
          "_class": "colorControls",
          "brightness": 0,
          "contrast": 1,
          "hue": 0,
          "isEnabled": false,
          "saturation": 1,
        },
        "contextSettings": Object {
          "_class": "graphicsContextSettings",
          "blendMode": 0,
          "opacity": 1,
        },
        "do_objectID": "UUID",
        "endMarkerType": 0,
        "fills": Array [],
        "innerShadows": Array [],
        "miterLimit": 10,
        "shadows": Array [],
        "startMarkerType": 0,
        "windingRule": 1,
      },
      "userInfo": null,
    },
    Object {
      "_class": "shapePath",
      "booleanOperation": -1,
      "clippingMaskMode": 0,
      "do_objectID": "UUID",
      "edited": true,
      "exportOptions": Object {
        "_class": "exportOptions",
        "exportFormats": Array [],
        "includedLayerIds": Array [],
        "layerOptions": 0,
        "shouldTrim": false,
      },
      "frame": Object {
        "_class": "rect",
        "constrainProportions": false,
        "height": 11.508041381835936,
        "width": 11.176495169823319,
        "x": 480.70762634277344,
        "y": 21.921768188476562,
      },
      "isClosed": true,
      "isFixedToViewport": false,
      "isFlippedHorizontal": false,
      "isFlippedVertical": false,
      "isLocked": false,
      "isVisible": true,
      "layerListExpandedType": 0,
      "name": "路径",
      "nameIsFixed": false,
      "pointRadiusBehaviour": 1,
      "points": Array [
        Object {
          "_class": "curvePoint",
          "cornerRadius": 0,
          "curveFrom": "{0.5824363220872586, 0.49999990789089044}",
          "curveMode": 1,
          "curveTo": "{0.5824363220872586, 0.49999990789089044}",
          "hasCurveFrom": false,
          "hasCurveTo": false,
          "point": "{0.5824363220872586, 0.49999990789089044}",
        },
        Object {
          "_class": "curvePoint",
          "cornerRadius": 0,
          "curveFrom": "{1.003935447855253, 0.01211656218508605}",
          "curveMode": 4,
          "curveTo": "{0.996986792353645, 0.02009202083856036}",
          "hasCurveFrom": true,
          "hasCurveTo": false,
          "point": "{0.996986792353645, 0.02009202083856036}",
        },
        Object {
          "_class": "curvePoint",
          "cornerRadius": 0,
          "curveFrom": "{0.9873534290445974, 4.359157085062471e-17}",
          "curveMode": 4,
          "curveTo": "{0.9980922602743554, 4.359157085062471e-17}",
          "hasCurveFrom": false,
          "hasCurveTo": true,
          "point": "{0.9873534290445974, 4.359157085062471e-17}",
        },
        Object {
          "_class": "curvePoint",
          "cornerRadius": 0,
          "curveFrom": "{0.8539076586159894, 4.359157085062471e-17}",
          "curveMode": 4,
          "curveTo": "{0.861330086083616, 4.359157085062471e-17}",
          "hasCurveFrom": true,
          "hasCurveTo": false,
          "point": "{0.861330086083616, 4.359157085062471e-17}",
        },
        Object {
          "_class": "curvePoint",
          "cornerRadius": 0,
          "curveFrom": "{0.8419054354768483, 0.008742329677846885}",
          "curveMode": 4,
          "curveTo": "{0.8468010791257083, 0.0032208583023646668}",
          "hasCurveFrom": false,
          "hasCurveTo": true,
          "point": "{0.8419054354768483, 0.008742329677846885}",
        },
        Object {
          "_class": "curvePoint",
          "cornerRadius": 0,
          "curveFrom": "{0.5000000000000001, 0.4046011524589476}",
          "curveMode": 1,
          "curveTo": "{0.5000000000000001, 0.4046011524589476}",
          "hasCurveFrom": false,
          "hasCurveTo": false,
          "point": "{0.5000000000000001, 0.4046011524589476}",
        },
        Object {
          "_class": "curvePoint",
          "cornerRadius": 0,
          "curveFrom": "{0.15335684486296472, 0.003220858302364623}",
          "curveMode": 4,
          "curveTo": "{0.158094564523152, 0.008742329677846841}",
          "hasCurveFrom": true,
          "hasCurveTo": false,
          "point": "{0.158094564523152, 0.008742329677846841}",
        },
        Object {
          "_class": "curvePoint",
          "cornerRadius": 0,
          "curveFrom": "{0.13866991391638414, 0}",
          "curveMode": 4,
          "curveTo": "{0.1462502653726838, 0}",
          "hasCurveFrom": false,
          "hasCurveTo": true,
          "point": "{0.13866991391638414, 0}",
        },
        Object {
          "_class": "curvePoint",
          "cornerRadius": 0,
          "curveFrom": "{0.0019077397256448269, 0}",
          "curveMode": 4,
          "curveTo": "{0.012646570955402664, 0}",
          "hasCurveFrom": true,
          "hasCurveTo": false,
          "point": "{0.012646570955402664, 0}",
        },
        Object {
          "_class": "curvePoint",
          "cornerRadius": 0,
          "curveFrom": "{0.0030132076463552176, 0.020092020838560314}",
          "curveMode": 4,
          "curveTo": "{-0.003935447855252791, 0.012116562185086003}",
          "hasCurveFrom": false,
          "hasCurveTo": true,
          "point": "{0.0030132076463552176, 0.020092020838560314}",
        },
        Object {
          "_class": "curvePoint",
          "cornerRadius": 0,
          "curveFrom": "{0.4175636779127415, 0.49999990789089044}",
          "curveMode": 1,
          "curveTo": "{0.4175636779127415, 0.49999990789089044}",
          "hasCurveFrom": false,
          "hasCurveTo": false,
          "point": "{0.4175636779127415, 0.49999990789089044}",
        },
        Object {
          "_class": "curvePoint",
          "cornerRadius": 0,
          "curveFrom": "{-0.00016540580603846992, 0.9835380063627233}",
          "curveMode": 4,
          "curveTo": "{0.0030132076463552176, 0.9799077949432204}",
          "hasCurveFrom": true,
          "hasCurveTo": false,
          "point": "{0.0030132076463552176, 0.9799077949432204}",
        },
        Object {
          "_class": "curvePoint",
          "cornerRadius": 0,
          "curveFrom": "{0.003267275657007921, 0.9972737907220559}",
          "curveMode": 3,
          "curveTo": "{-0.0008752124760348059, 0.9886339257836688}",
          "hasCurveFrom": true,
          "hasCurveTo": true,
          "point": "{0.0011960315904865576, 0.9929538582528624}",
        },
        Object {
          "_class": "curvePoint",
          "cornerRadius": 0,
          "curveFrom": "{0.01264657095540266, 0.9999998157817809}",
          "curveMode": 4,
          "curveTo": "{0.007739967881861088, 1.0000260103731928}",
          "hasCurveFrom": false,
          "hasCurveTo": true,
          "point": "{0.01264657095540266, 0.9999998157817809}",
        },
        Object {
          "_class": "curvePoint",
          "cornerRadius": 0,
          "curveFrom": "{0.14609234138401087, 0.9999998157817809}",
          "curveMode": 4,
          "curveTo": "{0.13866991391638414, 0.9999998157817809}",
          "hasCurveFrom": true,
          "hasCurveTo": false,
          "point": "{0.13866991391638414, 0.9999998157817809}",
        },
        Object {
          "_class": "curvePoint",
          "cornerRadius": 0,
          "curveFrom": "{0.158094564523152, 0.9912574861039339}",
          "curveMode": 4,
          "curveTo": "{0.15319892087429177, 0.9967789574794162}",
          "hasCurveFrom": false,
          "hasCurveTo": true,
          "point": "{0.158094564523152, 0.9912574861039339}",
        },
        Object {
          "_class": "curvePoint",
          "cornerRadius": 0,
          "curveFrom": "{0.5000000000000001, 0.5953986633228332}",
          "curveMode": 1,
          "curveTo": "{0.5000000000000001, 0.5953986633228332}",
          "hasCurveFrom": false,
          "hasCurveTo": false,
          "point": "{0.5000000000000001, 0.5953986633228332}",
        },
        Object {
          "_class": "curvePoint",
          "cornerRadius": 0,
          "curveFrom": "{0.8466431551370356, 0.9967789574794162}",
          "curveMode": 4,
          "curveTo": "{0.8419054354768483, 0.9912574861039339}",
          "hasCurveFrom": true,
          "hasCurveTo": false,
          "point": "{0.8419054354768483, 0.9912574861039339}",
        },
        Object {
          "_class": "curvePoint",
          "cornerRadius": 0,
          "curveFrom": "{0.861330086083616, 0.9999998157817809}",
          "curveMode": 4,
          "curveTo": "{0.8537497346273164, 0.9999998157817809}",
          "hasCurveFrom": false,
          "hasCurveTo": true,
          "point": "{0.861330086083616, 0.9999998157817809}",
        },
        Object {
          "_class": "curvePoint",
          "cornerRadius": 0,
          "curveFrom": "{0.9980922602743553, 0.9999998157817809}",
          "curveMode": 4,
          "curveTo": "{0.9873534290445974, 0.9999998157817809}",
          "hasCurveFrom": true,
          "hasCurveTo": false,
          "point": "{0.9873534290445974, 0.9999998157817809}",
        },
        Object {
          "_class": "curvePoint",
          "cornerRadius": 0,
          "curveFrom": "{0.996986792353645, 0.9799077949432204}",
          "curveMode": 4,
          "curveTo": "{1.003935447855253, 0.9878832535966949}",
          "hasCurveFrom": false,
          "hasCurveTo": true,
          "point": "{0.996986792353645, 0.9799077949432204}",
        },
      ],
      "resizingConstraint": 12,
      "resizingType": 0,
      "rotation": 0,
      "shouldBreakMaskChain": false,
      "style": Object {
        "_class": "style",
        "borderOptions": Object {
          "_class": "borderOptions",
          "dashPattern": Array [],
          "isEnabled": true,
          "lineCapStyle": 0,
          "lineJoinStyle": 0,
        },
        "borders": Array [],
        "colorControls": Object {
          "_class": "colorControls",
          "brightness": 0,
          "contrast": 1,
          "hue": 0,
          "isEnabled": false,
          "saturation": 1,
        },
        "contextSettings": Object {
          "_class": "graphicsContextSettings",
          "blendMode": 0,
          "opacity": 1,
        },
        "do_objectID": "UUID",
        "endMarkerType": 0,
        "fills": Array [
          Object {
            "_class": "fill",
            "color": Object {
              "_class": "color",
              "alpha": 0.45,
              "blue": 0,
              "green": 0,
              "red": 0,
            },
            "contextSettings": Object {
              "_class": "graphicsContextSettings",
              "blendMode": 0,
              "opacity": 1,
            },
            "fillType": 0,
            "gradient": Object {
              "_class": "gradient",
              "elipseLength": 0,
              "from": "{0, 0}",
              "gradientType": 0,
              "stops": Array [],
              "to": "{1, 0}",
            },
            "isEnabled": true,
            "noiseIndex": 0,
            "noiseIntensity": 0,
            "patternFillType": 1,
            "patternTileScale": 1,
          },
        ],
        "innerShadows": Array [],
        "miterLimit": 10,
        "shadows": Array [],
        "startMarkerType": 0,
        "windingRule": 1,
      },
    },
  ],
  "name": "Modal",
  "nameIsFixed": false,
  "overrideProperties": Array [
    Object {
      "_class": "MSImmutableOverrideProperty",
      "canOverride": true,
      "overrideName": "UUID_stringValue",
    },
  ],
  "resizesContent": false,
  "resizingConstraint": 1,
  "resizingType": 1,
  "rotation": 0,
  "sharedStyleID": "",
  "shouldBreakMaskChain": false,
  "symbolID": "UUID",
  "verticalRulerData": Object {
    "_class": "rulerData",
    "base": 0,
    "guides": Array [],
  },
}
`;
