// Jest Snapshot v1, https://goo.gl/fbAQLP

exports[`parseToSvg SVG 图形正常解析 1`] = `
Object {
  "_class": "shapeGroup",
  "booleanOperation": -1,
  "clippingMaskMode": 0,
  "do_objectID": "UUID",
  "exportOptions": Object {
    "_class": "exportOptions",
    "exportFormats": Array [],
    "includedLayerIds": Array [],
    "layerOptions": 0,
    "shouldTrim": false,
  },
  "frame": Object {
    "_class": "rect",
    "constrainProportions": false,
    "height": 299.9999694824219,
    "width": 271.42126623245287,
    "x": 0.18213367462158203,
    "y": -14.107152938842773,
  },
  "hasClickThrough": false,
  "hasClippingMask": false,
  "isFixedToViewport": false,
  "isFlippedHorizontal": false,
  "isFlippedVertical": false,
  "isLocked": false,
  "isVisible": true,
  "layerListExpandedType": 0,
  "layers": Array [
    Object {
      "_class": "shapePath",
      "booleanOperation": -1,
      "clippingMaskMode": 0,
      "do_objectID": "UUID",
      "edited": true,
      "exportOptions": Object {
        "_class": "exportOptions",
        "exportFormats": Array [],
        "includedLayerIds": Array [],
        "layerOptions": 0,
        "shouldTrim": false,
      },
      "frame": Object {
        "_class": "rect",
        "constrainProportions": false,
        "height": 198.30705927947415,
        "width": 271.31736262928945,
        "x": 0,
        "y": 101.69291020294773,
      },
      "isClosed": true,
      "isFixedToViewport": false,
      "isFlippedHorizontal": false,
      "isFlippedVertical": false,
      "isLocked": false,
      "isVisible": true,
      "layerListExpandedType": 0,
      "name": "路径",
      "nameIsFixed": false,
      "pointRadiusBehaviour": 1,
      "points": Array [
        Object {
          "_class": "curvePoint",
          "cornerRadius": 0,
          "curveFrom": "{0.6980023629425425, -0.02046586859260101}",
          "curveMode": 4,
          "curveTo": "{0.09400573081467196, 0.004399608906069895}",
          "hasCurveFrom": true,
          "hasCurveTo": false,
          "point": "{0.09400573081467196, 0.004399608906069895}",
        },
        Object {
          "_class": "curvePoint",
          "cornerRadius": 0,
          "curveFrom": "{1, 0.524906161537407}",
          "curveMode": 3,
          "curveTo": "{1, 0.060068699305470645}",
          "hasCurveFrom": true,
          "hasCurveTo": true,
          "point": "{1, 0.24600331260028516}",
        },
        Object {
          "_class": "curvePoint",
          "cornerRadius": 0,
          "curveFrom": "{0.7902671211483357, 0.9941786454228835}",
          "curveMode": 3,
          "curveTo": "{0.9541045941578282, 0.760686925197188}",
          "hasCurveFrom": true,
          "hasCurveTo": true,
          "point": "{0.8986786533943534, 0.8396737875915316}",
        },
        Object {
          "_class": "curvePoint",
          "cornerRadius": 0,
          "curveFrom": "{0.25688173065171044, 0.820287522014222}",
          "curveMode": 3,
          "curveTo": "{0.5121447098605321, 1.0125541645487786}",
          "hasCurveFrom": true,
          "hasCurveTo": true,
          "point": "{0.32066488314298525, 0.9941786454228835}",
        },
        Object {
          "_class": "curvePoint",
          "cornerRadius": 0,
          "curveFrom": "{0, 0.5423285318957001}",
          "curveMode": 4,
          "curveTo": "{0.14999253092874507, 0.6696714368350943}",
          "hasCurveFrom": false,
          "hasCurveTo": true,
          "point": "{0, 0.5423285318957001}",
        },
        Object {
          "_class": "curvePoint",
          "cornerRadius": 0,
          "curveFrom": "{0.6980023629425425, -0.02046586859260101}",
          "curveMode": 4,
          "curveTo": "{0.09400573081467196, 0.004397750916269417}",
          "hasCurveFrom": true,
          "hasCurveTo": false,
          "point": "{0.09400573081467196, 0.004397750916269417}",
        },
      ],
      "resizingConstraint": 63,
      "resizingType": 0,
      "rotation": 0,
      "shouldBreakMaskChain": false,
      "style": Object {
        "_class": "style",
        "borderOptions": Object {
          "_class": "borderOptions",
          "dashPattern": Array [],
          "isEnabled": true,
          "lineCapStyle": 0,
          "lineJoinStyle": 0,
        },
        "borders": Array [],
        "colorControls": Object {
          "_class": "colorControls",
          "brightness": 0,
          "contrast": 1,
          "hue": 0,
          "isEnabled": false,
          "saturation": 1,
        },
        "contextSettings": Object {
          "_class": "graphicsContextSettings",
          "blendMode": 0,
          "opacity": 1,
        },
        "do_objectID": "UUID",
        "endMarkerType": 0,
        "fills": Array [],
        "innerShadows": Array [],
        "miterLimit": 10,
        "shadows": Array [],
        "startMarkerType": 0,
        "windingRule": 1,
      },
    },
    Object {
      "_class": "shapePath",
      "booleanOperation": -1,
      "clippingMaskMode": 0,
      "do_objectID": "UUID",
      "edited": true,
      "exportOptions": Object {
        "_class": "exportOptions",
        "exportFormats": Array [],
        "includedLayerIds": Array [],
        "layerOptions": 0,
        "shouldTrim": false,
      },
      "frame": Object {
        "_class": "rect",
        "constrainProportions": false,
        "height": 102.56538370709023,
        "width": 103.40692920221537,
        "x": 79.27181706881916,
        "y": 43.252638210481535,
      },
      "isClosed": true,
      "isFixedToViewport": false,
      "isFlippedHorizontal": false,
      "isFlippedVertical": false,
      "isLocked": false,
      "isVisible": true,
      "layerListExpandedType": 0,
      "name": "路径",
      "nameIsFixed": false,
      "pointRadiusBehaviour": 1,
      "points": Array [
        Object {
          "_class": "curvePoint",
          "cornerRadius": 0,
          "curveFrom": "{0, 0}",
          "curveMode": 1,
          "curveTo": "{0, 0}",
          "hasCurveFrom": false,
          "hasCurveTo": false,
          "point": "{0, 0}",
        },
        Object {
          "_class": "curvePoint",
          "cornerRadius": 0,
          "curveFrom": "{1.0000000000000002, 0}",
          "curveMode": 1,
          "curveTo": "{1.0000000000000002, 0}",
          "hasCurveFrom": false,
          "hasCurveTo": false,
          "point": "{1.0000000000000002, 0}",
        },
        Object {
          "_class": "curvePoint",
          "cornerRadius": 0,
          "curveFrom": "{1.0000000000000002, 0.82383032532475}",
          "curveMode": 1,
          "curveTo": "{1.0000000000000002, 0.82383032532475}",
          "hasCurveFrom": false,
          "hasCurveTo": false,
          "point": "{1.0000000000000002, 0.82383032532475}",
        },
        Object {
          "_class": "curvePoint",
          "cornerRadius": 0,
          "curveFrom": "{0.24665065632883415, 0.82383032532475}",
          "curveMode": 1,
          "curveTo": "{0.24665065632883415, 0.82383032532475}",
          "hasCurveFrom": false,
          "hasCurveTo": false,
          "point": "{0.24665065632883415, 0.82383032532475}",
        },
        Object {
          "_class": "curvePoint",
          "cornerRadius": 0,
          "curveFrom": "{0.24665065632883415, 1}",
          "curveMode": 1,
          "curveTo": "{0.24665065632883415, 1}",
          "hasCurveFrom": false,
          "hasCurveTo": false,
          "point": "{0.24665065632883415, 1}",
        },
      ],
      "resizingConstraint": 63,
      "resizingType": 0,
      "rotation": 0,
      "shouldBreakMaskChain": false,
      "style": Object {
        "_class": "style",
        "borderOptions": Object {
          "_class": "borderOptions",
          "dashPattern": Array [],
          "isEnabled": true,
          "lineCapStyle": 0,
          "lineJoinStyle": 0,
        },
        "borders": Array [],
        "colorControls": Object {
          "_class": "colorControls",
          "brightness": 0,
          "contrast": 1,
          "hue": 0,
          "isEnabled": false,
          "saturation": 1,
        },
        "contextSettings": Object {
          "_class": "graphicsContextSettings",
          "blendMode": 0,
          "opacity": 1,
        },
        "do_objectID": "UUID",
        "endMarkerType": 0,
        "fills": Array [],
        "innerShadows": Array [],
        "miterLimit": 10,
        "shadows": Array [],
        "startMarkerType": 0,
        "windingRule": 1,
      },
    },
    Object {
      "_class": "shapePath",
      "booleanOperation": -1,
      "clippingMaskMode": 0,
      "do_objectID": "UUID",
      "edited": true,
      "exportOptions": Object {
        "_class": "exportOptions",
        "exportFormats": Array [],
        "includedLayerIds": Array [],
        "layerOptions": 0,
        "shouldTrim": false,
      },
      "frame": Object {
        "_class": "rect",
        "constrainProportions": false,
        "height": 84.49647342646996,
        "width": 103.40692920221537,
        "x": 168.0143370302375,
        "y": 0,
      },
      "isClosed": true,
      "isFixedToViewport": false,
      "isFlippedHorizontal": false,
      "isFlippedVertical": false,
      "isLocked": false,
      "isVisible": true,
      "layerListExpandedType": 0,
      "name": "路径",
      "nameIsFixed": false,
      "pointRadiusBehaviour": 1,
      "points": Array [
        Object {
          "_class": "curvePoint",
          "cornerRadius": 0,
          "curveFrom": "{0, 0}",
          "curveMode": 1,
          "curveTo": "{0, 0}",
          "hasCurveFrom": false,
          "hasCurveTo": false,
          "point": "{0, 0}",
        },
        Object {
          "_class": "curvePoint",
          "cornerRadius": 0,
          "curveFrom": "{0.8404750367002551, 0}",
          "curveMode": 4,
          "curveTo": "{0.6436868434930091, 0}",
          "hasCurveFrom": true,
          "hasCurveTo": false,
          "point": "{0.6436868434930091, 0}",
        },
        Object {
          "_class": "curvePoint",
          "cornerRadius": 0,
          "curveFrom": "{1, 0.4360566524802902}",
          "curveMode": 4,
          "curveTo": "{1, 0.19523128444847554}",
          "hasCurveFrom": false,
          "hasCurveTo": true,
          "point": "{1, 0.4360566524802902}",
        },
        Object {
          "_class": "curvePoint",
          "cornerRadius": 0,
          "curveFrom": "{1, 1}",
          "curveMode": 1,
          "curveTo": "{1, 1}",
          "hasCurveFrom": false,
          "hasCurveTo": false,
          "point": "{1, 1}",
        },
        Object {
          "_class": "curvePoint",
          "cornerRadius": 0,
          "curveFrom": "{0, 1}",
          "curveMode": 1,
          "curveTo": "{0, 1}",
          "hasCurveFrom": false,
          "hasCurveTo": false,
          "point": "{0, 1}",
        },
      ],
      "resizingConstraint": 63,
      "resizingType": 0,
      "rotation": 0,
      "shouldBreakMaskChain": false,
      "style": Object {
        "_class": "style",
        "borderOptions": Object {
          "_class": "borderOptions",
          "dashPattern": Array [],
          "isEnabled": true,
          "lineCapStyle": 0,
          "lineJoinStyle": 0,
        },
        "borders": Array [],
        "colorControls": Object {
          "_class": "colorControls",
          "brightness": 0,
          "contrast": 1,
          "hue": 0,
          "isEnabled": false,
          "saturation": 1,
        },
        "contextSettings": Object {
          "_class": "graphicsContextSettings",
          "blendMode": 0,
          "opacity": 1,
        },
        "do_objectID": "UUID",
        "endMarkerType": 0,
        "fills": Array [],
        "innerShadows": Array [],
        "miterLimit": 10,
        "shadows": Array [],
        "startMarkerType": 0,
        "windingRule": 1,
      },
    },
    Object {
      "_class": "shapePath",
      "booleanOperation": -1,
      "clippingMaskMode": 0,
      "do_objectID": "UUID",
      "edited": true,
      "exportOptions": Object {
        "_class": "exportOptions",
        "exportFormats": Array [],
        "includedLayerIds": Array [],
        "layerOptions": 0,
        "shouldTrim": false,
      },
      "frame": Object {
        "_class": "rect",
        "constrainProportions": false,
        "height": 84.49647342646996,
        "width": 103.40692920221537,
        "x": 23.580959583191227,
        "y": 0,
      },
      "isClosed": false,
      "isFixedToViewport": false,
      "isFlippedHorizontal": false,
      "isFlippedVertical": false,
      "isLocked": false,
      "isVisible": true,
      "layerListExpandedType": 0,
      "name": "路径",
      "nameIsFixed": false,
      "pointRadiusBehaviour": 1,
      "points": Array [
        Object {
          "_class": "curvePoint",
          "cornerRadius": 0,
          "curveFrom": "{0, 0}",
          "curveMode": 1,
          "curveTo": "{0, 0}",
          "hasCurveFrom": false,
          "hasCurveTo": false,
          "point": "{0, 0}",
        },
        Object {
          "_class": "curvePoint",
          "cornerRadius": 0,
          "curveFrom": "{0.8404750367002551, 0}",
          "curveMode": 4,
          "curveTo": "{0.6436868434930091, 0}",
          "hasCurveFrom": true,
          "hasCurveTo": false,
          "point": "{0.6436868434930091, 0}",
        },
        Object {
          "_class": "curvePoint",
          "cornerRadius": 0,
          "curveFrom": "{1, 0.4360566524802902}",
          "curveMode": 4,
          "curveTo": "{1, 0.19523128444847554}",
          "hasCurveFrom": false,
          "hasCurveTo": true,
          "point": "{1, 0.4360566524802902}",
        },
        Object {
          "_class": "curvePoint",
          "cornerRadius": 0,
          "curveFrom": "{1, 1}",
          "curveMode": 1,
          "curveTo": "{1, 1}",
          "hasCurveFrom": false,
          "hasCurveTo": false,
          "point": "{1, 1}",
        },
        Object {
          "_class": "curvePoint",
          "cornerRadius": 0,
          "curveFrom": "{0, 1}",
          "curveMode": 1,
          "curveTo": "{0, 1}",
          "hasCurveFrom": false,
          "hasCurveTo": false,
          "point": "{0, 1}",
        },
      ],
      "resizingConstraint": 63,
      "resizingType": 0,
      "rotation": 0,
      "shouldBreakMaskChain": false,
      "style": Object {
        "_class": "style",
        "borderOptions": Object {
          "_class": "borderOptions",
          "dashPattern": Array [],
          "isEnabled": true,
          "lineCapStyle": 0,
          "lineJoinStyle": 0,
        },
        "borders": Array [],
        "colorControls": Object {
          "_class": "colorControls",
          "brightness": 0,
          "contrast": 1,
          "hue": 0,
          "isEnabled": false,
          "saturation": 1,
        },
        "contextSettings": Object {
          "_class": "graphicsContextSettings",
          "blendMode": 0,
          "opacity": 1,
        },
        "do_objectID": "UUID",
        "endMarkerType": 0,
        "fills": Array [],
        "innerShadows": Array [],
        "miterLimit": 10,
        "shadows": Array [],
        "startMarkerType": 0,
        "windingRule": 1,
      },
    },
  ],
  "name": "shapeGroup",
  "nameIsFixed": false,
  "resizingConstraint": 63,
  "resizingType": 0,
  "rotation": 0,
  "shouldBreakMaskChain": false,
  "style": Object {
    "_class": "style",
    "borderOptions": Object {
      "_class": "borderOptions",
      "dashPattern": Array [],
      "isEnabled": true,
      "lineCapStyle": 0,
      "lineJoinStyle": 0,
    },
    "borders": Array [],
    "colorControls": Object {
      "_class": "colorControls",
      "brightness": 0,
      "contrast": 1,
      "hue": 0,
      "isEnabled": false,
      "saturation": 1,
    },
    "contextSettings": Object {
      "_class": "graphicsContextSettings",
      "blendMode": 0,
      "opacity": 1,
    },
    "do_objectID": "UUID",
    "endMarkerType": 0,
    "fills": Array [],
    "innerShadows": Array [],
    "miterLimit": 10,
    "shadows": Array [],
    "startMarkerType": 0,
    "windingRule": 1,
  },
  "windingRule": 1,
}
`;
