// Jest Snapshot v1, https://goo.gl/fbAQLP

exports[`antd 组件库可正常解析 Tooltip 1`] = `
Object {
  "_class": "group",
  "booleanOperation": -1,
  "clippingMaskMode": 0,
  "do_objectID": "UUID",
  "exportOptions": Object {
    "_class": "exportOptions",
    "exportFormats": Array [],
    "includedLayerIds": Array [],
    "layerOptions": 0,
    "shouldTrim": false,
  },
  "frame": Object {
    "_class": "rect",
    "constrainProportions": false,
    "height": 34,
    "width": 40.546875,
    "x": 8,
    "y": 8,
  },
  "groupLayout": Object {
    "_class": "MSImmutableFreeformGroupLayout",
  },
  "hasClickThrough": false,
  "hasClippingMask": false,
  "isFixedToViewport": false,
  "isFlippedHorizontal": false,
  "isFlippedVertical": false,
  "isLocked": false,
  "isTemplate": false,
  "isVisible": true,
  "layerListExpandedType": 0,
  "layers": Array [
    Object {
      "_class": "group",
      "booleanOperation": -1,
      "clippingMaskMode": 0,
      "do_objectID": "UUID",
      "exportOptions": Object {
        "_class": "exportOptions",
        "exportFormats": Array [],
        "includedLayerIds": Array [],
        "layerOptions": 0,
        "shouldTrim": false,
      },
      "frame": Object {
        "_class": "rect",
        "constrainProportions": false,
        "height": 34,
        "width": 40.546875,
        "x": 0,
        "y": 0,
      },
      "groupLayout": Object {
        "_class": "MSImmutableFreeformGroupLayout",
      },
      "hasClickThrough": false,
      "hasClippingMask": false,
      "isFixedToViewport": false,
      "isFlippedHorizontal": false,
      "isFlippedVertical": false,
      "isLocked": false,
      "isTemplate": false,
      "isVisible": true,
      "layerListExpandedType": 0,
      "layers": Array [
        Object {
          "_class": "rectangle",
          "booleanOperation": -1,
          "clippingMaskMode": 0,
          "do_objectID": "UUID",
          "edited": false,
          "exportOptions": Object {
            "_class": "exportOptions",
            "exportFormats": Array [],
            "includedLayerIds": Array [],
            "layerOptions": 0,
            "shouldTrim": false,
          },
          "fixedRadius": 0,
          "frame": Object {
            "_class": "rect",
            "constrainProportions": false,
            "height": 34,
            "width": 40.546875,
            "x": 0,
            "y": 0,
          },
          "hasClippingMask": false,
          "hasConvertedToNewRoundCorners": true,
          "isClosed": true,
          "isFixedToViewport": false,
          "isFlippedHorizontal": false,
          "isFlippedVertical": false,
          "isLocked": false,
          "isTemplate": false,
          "isVisible": true,
          "layerListExpandedType": 0,
          "name": "ant-tooltip-inner",
          "nameIsFixed": false,
          "needsConvertionToNewRoundCorners": false,
          "pointRadiusBehaviour": 1,
          "points": Array [
            Object {
              "_class": "curvePoint",
              "cornerRadius": 6,
              "cornerStyle": 0,
              "curveFrom": "{0, 0}",
              "curveMode": 1,
              "curveTo": "{0, 0}",
              "hasCurveFrom": false,
              "hasCurveTo": false,
              "point": "{0, 0}",
            },
            Object {
              "_class": "curvePoint",
              "cornerRadius": 6,
              "cornerStyle": 0,
              "curveFrom": "{1, 0}",
              "curveMode": 1,
              "curveTo": "{1, 0}",
              "hasCurveFrom": false,
              "hasCurveTo": false,
              "point": "{1, 0}",
            },
            Object {
              "_class": "curvePoint",
              "cornerRadius": 6,
              "cornerStyle": 0,
              "curveFrom": "{1, 1}",
              "curveMode": 1,
              "curveTo": "{1, 1}",
              "hasCurveFrom": false,
              "hasCurveTo": false,
              "point": "{1, 1}",
            },
            Object {
              "_class": "curvePoint",
              "cornerRadius": 6,
              "cornerStyle": 0,
              "curveFrom": "{0, 1}",
              "curveMode": 1,
              "curveTo": "{0, 1}",
              "hasCurveFrom": false,
              "hasCurveTo": false,
              "point": "{0, 1}",
            },
          ],
          "resizingConstraint": 27,
          "resizingType": 0,
          "rotation": 0,
          "shouldBreakMaskChain": false,
          "style": Object {
            "_class": "style",
            "borderOptions": Object {
              "_class": "borderOptions",
              "dashPattern": Array [],
              "isEnabled": true,
              "lineCapStyle": 0,
              "lineJoinStyle": 0,
            },
            "borders": Array [
              Object {
                "_class": "border",
                "color": Object {
                  "_class": "color",
                  "alpha": 1,
                  "blue": 1,
                  "green": 1,
                  "red": 1,
                },
                "contextSettings": Object {
                  "_class": "graphicsContextSettings",
                  "blendMode": 0,
                  "opacity": 1,
                },
                "fillType": 0,
                "gradient": Object {
                  "_class": "gradient",
                  "elipseLength": 1,
                  "from": "{0.5, 0}",
                  "gradientType": 0,
                  "stops": Array [],
                  "to": "{0.5, 1}",
                },
                "isEnabled": true,
                "position": 1,
                "thickness": 0,
              },
            ],
            "colorControls": Object {
              "_class": "colorControls",
              "brightness": 0,
              "contrast": 1,
              "hue": 0,
              "isEnabled": false,
              "saturation": 1,
            },
            "contextSettings": Object {
              "_class": "graphicsContextSettings",
              "blendMode": 0,
              "opacity": 1,
            },
            "do_objectID": "UUID",
            "endMarkerType": 0,
            "fills": Array [
              Object {
                "_class": "fill",
                "color": Object {
                  "_class": "color",
                  "alpha": 0.85,
                  "blue": 0,
                  "green": 0,
                  "red": 0,
                },
                "contextSettings": Object {
                  "_class": "graphicsContextSettings",
                  "blendMode": 0,
                  "opacity": 1,
                },
                "fillType": 0,
                "gradient": Object {
                  "_class": "gradient",
                  "elipseLength": 1,
                  "from": "{0.5, 0}",
                  "gradientType": 0,
                  "stops": Array [],
                  "to": "{0.5, 1}",
                },
                "isEnabled": true,
                "noiseIndex": 0,
                "noiseIntensity": 0,
                "patternFillType": 1,
                "patternTileScale": 1,
              },
            ],
            "innerShadows": Array [],
            "miterLimit": 10,
            "shadows": Array [
              Object {
                "_class": "shadow",
                "blurRadius": 16,
                "color": Object {
                  "_class": "color",
                  "alpha": 0.08,
                  "blue": 0,
                  "green": 0,
                  "red": 0,
                },
                "contextSettings": Object {
                  "_class": "graphicsContextSettings",
                  "blendMode": 0,
                  "opacity": 1,
                },
                "isEnabled": true,
                "offsetX": 0,
                "offsetY": 6,
                "spread": 0,
              },
              Object {
                "_class": "shadow",
                "blurRadius": 6,
                "color": Object {
                  "_class": "color",
                  "alpha": 0.12,
                  "blue": 0,
                  "green": 0,
                  "red": 0,
                },
                "contextSettings": Object {
                  "_class": "graphicsContextSettings",
                  "blendMode": 0,
                  "opacity": 1,
                },
                "isEnabled": true,
                "offsetX": 0,
                "offsetY": 3,
                "spread": -4,
              },
              Object {
                "_class": "shadow",
                "blurRadius": 28,
                "color": Object {
                  "_class": "color",
                  "alpha": 0.05,
                  "blue": 0,
                  "green": 0,
                  "red": 0,
                },
                "contextSettings": Object {
                  "_class": "graphicsContextSettings",
                  "blendMode": 0,
                  "opacity": 1,
                },
                "isEnabled": true,
                "offsetX": 0,
                "offsetY": 9,
                "spread": 8,
              },
            ],
            "startMarkerType": 0,
            "windingRule": 1,
          },
        },
        Object {
          "_class": "text",
          "attributedString": Object {
            "_class": "attributedString",
            "attributes": Array [
              Object {
                "_class": "stringAttribute",
                "attributes": Object {
                  "MSAttributedStringColorAttribute": Object {
                    "_class": "color",
                    "alpha": 1,
                    "blue": 1,
                    "green": 1,
                    "red": 1,
                  },
                  "MSAttributedStringFontAttribute": Object {
                    "_class": "fontDescriptor",
                    "attributes": Object {
                      "name": "PingFangSC-Regular",
                      "size": 14,
                    },
                  },
                  "MSAttributedStringTextTransformAttribute": 0,
                  "kerning": 0,
                  "paragraphStyle": Object {
                    "_class": "paragraphStyle",
                    "alignment": 0,
                    "maximumLineHeight": 22,
                    "minimumLineHeight": 22,
                  },
                  "strikethroughStyle": 0,
                  "underlineStyle": 0,
                },
                "length": 4,
                "location": 0,
              },
            ],
            "string": "text",
          },
          "automaticallyDrawOnUnderlyingPath": false,
          "booleanOperation": -1,
          "clippingMaskMode": 0,
          "do_objectID": "UUID",
          "dontSynchroniseWithSymbol": false,
          "exportOptions": Object {
            "_class": "exportOptions",
            "exportFormats": Array [],
            "includedLayerIds": Array [],
            "layerOptions": 0,
            "shouldTrim": false,
          },
          "frame": Object {
            "_class": "rect",
            "constrainProportions": false,
            "height": 22,
            "width": 24.546875,
            "x": 8,
            "y": 6,
          },
          "glyphBounds": "",
          "hasClippingMask": false,
          "isFixedToViewport": false,
          "isFlippedHorizontal": false,
          "isFlippedVertical": false,
          "isLocked": false,
          "isTemplate": false,
          "isVisible": true,
          "layerListExpandedType": 0,
          "lineSpacingBehaviour": 2,
          "name": "text",
          "nameIsFixed": false,
          "resizingConstraint": 27,
          "resizingType": 0,
          "rotation": 0,
          "shouldBreakMaskChain": false,
          "style": Object {
            "_class": "style",
            "borderOptions": Object {
              "_class": "borderOptions",
              "dashPattern": Array [],
              "isEnabled": true,
              "lineCapStyle": 0,
              "lineJoinStyle": 0,
            },
            "borders": Array [],
            "colorControls": Object {
              "_class": "colorControls",
              "brightness": 0,
              "contrast": 1,
              "hue": 0,
              "isEnabled": false,
              "saturation": 1,
            },
            "contextSettings": Object {
              "_class": "graphicsContextSettings",
              "blendMode": 0,
              "opacity": 1,
            },
            "do_objectID": "UUID",
            "endMarkerType": 0,
            "fills": Array [],
            "innerShadows": Array [],
            "miterLimit": 10,
            "shadows": Array [],
            "startMarkerType": 0,
            "textStyle": Object {
              "_class": "textStyle",
              "encodedAttributes": Object {
                "MSAttributedStringColorAttribute": Object {
                  "_class": "color",
                  "alpha": 1,
                  "blue": 1,
                  "green": 1,
                  "red": 1,
                },
                "MSAttributedStringFontAttribute": Object {
                  "_class": "fontDescriptor",
                  "attributes": Object {
                    "name": "PingFangSC-Regular",
                    "size": 14,
                  },
                },
                "MSAttributedStringTextTransformAttribute": 0,
                "kerning": 0,
                "paragraphStyle": Object {
                  "_class": "paragraphStyle",
                  "alignment": 0,
                  "maximumLineHeight": 22,
                  "minimumLineHeight": 22,
                },
                "strikethroughStyle": 0,
                "underlineStyle": 0,
              },
              "verticalAlignment": 0,
            },
            "windingRule": 1,
          },
          "textBehaviour": 0,
        },
      ],
      "name": "编组",
      "nameIsFixed": false,
      "resizingConstraint": 27,
      "resizingType": 0,
      "rotation": 0,
      "shouldBreakMaskChain": false,
      "style": Object {
        "_class": "style",
        "borderOptions": Object {
          "_class": "borderOptions",
          "dashPattern": Array [],
          "isEnabled": true,
          "lineCapStyle": 0,
          "lineJoinStyle": 0,
        },
        "borders": Array [],
        "colorControls": Object {
          "_class": "colorControls",
          "brightness": 0,
          "contrast": 1,
          "hue": 0,
          "isEnabled": false,
          "saturation": 1,
        },
        "contextSettings": Object {
          "_class": "graphicsContextSettings",
          "blendMode": 0,
          "opacity": 1,
        },
        "do_objectID": "UUID",
        "endMarkerType": 0,
        "fills": Array [],
        "innerShadows": Array [],
        "miterLimit": 10,
        "shadows": Array [],
        "startMarkerType": 0,
        "windingRule": 1,
      },
    },
    Object {
      "_class": "group",
      "booleanOperation": -1,
      "clippingMaskMode": 0,
      "do_objectID": "UUID",
      "exportOptions": Object {
        "_class": "exportOptions",
        "exportFormats": Array [],
        "includedLayerIds": Array [],
        "layerOptions": 0,
        "shouldTrim": false,
      },
      "frame": Object {
        "_class": "rect",
        "constrainProportions": false,
        "height": 32,
        "width": 32,
        "x": 4.265625,
        "y": 34,
      },
      "groupLayout": Object {
        "_class": "MSImmutableFreeformGroupLayout",
      },
      "hasClickThrough": false,
      "hasClippingMask": false,
      "isFixedToViewport": false,
      "isFlippedHorizontal": false,
      "isFlippedVertical": false,
      "isLocked": false,
      "isTemplate": false,
      "isVisible": true,
      "layerListExpandedType": 0,
      "layers": Array [
        Object {
          "_class": "rectangle",
          "booleanOperation": -1,
          "clippingMaskMode": 0,
          "do_objectID": "UUID",
          "edited": false,
          "exportOptions": Object {
            "_class": "exportOptions",
            "exportFormats": Array [],
            "includedLayerIds": Array [],
            "layerOptions": 0,
            "shouldTrim": false,
          },
          "fixedRadius": 0,
          "frame": Object {
            "_class": "rect",
            "constrainProportions": false,
            "height": 32,
            "width": 32,
            "x": 0,
            "y": 0,
          },
          "hasClippingMask": true,
          "hasConvertedToNewRoundCorners": true,
          "isClosed": true,
          "isFixedToViewport": false,
          "isFlippedHorizontal": false,
          "isFlippedVertical": false,
          "isLocked": false,
          "isTemplate": false,
          "isVisible": true,
          "layerListExpandedType": 0,
          "name": "ant-tooltip-arrow",
          "nameIsFixed": false,
          "needsConvertionToNewRoundCorners": false,
          "pointRadiusBehaviour": 1,
          "points": Array [
            Object {
              "_class": "curvePoint",
              "cornerRadius": 0,
              "cornerStyle": 0,
              "curveFrom": "{0, 0}",
              "curveMode": 1,
              "curveTo": "{0, 0}",
              "hasCurveFrom": false,
              "hasCurveTo": false,
              "point": "{0, 0}",
            },
            Object {
              "_class": "curvePoint",
              "cornerRadius": 0,
              "cornerStyle": 0,
              "curveFrom": "{1, 0}",
              "curveMode": 1,
              "curveTo": "{1, 0}",
              "hasCurveFrom": false,
              "hasCurveTo": false,
              "point": "{1, 0}",
            },
            Object {
              "_class": "curvePoint",
              "cornerRadius": 2,
              "cornerStyle": 0,
              "curveFrom": "{1, 1}",
              "curveMode": 1,
              "curveTo": "{1, 1}",
              "hasCurveFrom": false,
              "hasCurveTo": false,
              "point": "{1, 1}",
            },
            Object {
              "_class": "curvePoint",
              "cornerRadius": 0,
              "cornerStyle": 0,
              "curveFrom": "{0, 1}",
              "curveMode": 1,
              "curveTo": "{0, 1}",
              "hasCurveFrom": false,
              "hasCurveTo": false,
              "point": "{0, 1}",
            },
          ],
          "resizingConstraint": 27,
          "resizingType": 0,
          "rotation": 0,
          "shouldBreakMaskChain": false,
          "style": Object {
            "_class": "style",
            "borderOptions": Object {
              "_class": "borderOptions",
              "dashPattern": Array [],
              "isEnabled": true,
              "lineCapStyle": 0,
              "lineJoinStyle": 0,
            },
            "borders": Array [
              Object {
                "_class": "border",
                "color": Object {
                  "_class": "color",
                  "alpha": 0.88,
                  "blue": 0,
                  "green": 0,
                  "red": 0,
                },
                "contextSettings": Object {
                  "_class": "graphicsContextSettings",
                  "blendMode": 0,
                  "opacity": 1,
                },
                "fillType": 0,
                "gradient": Object {
                  "_class": "gradient",
                  "elipseLength": 1,
                  "from": "{0.5, 0}",
                  "gradientType": 0,
                  "stops": Array [],
                  "to": "{0.5, 1}",
                },
                "isEnabled": true,
                "position": 1,
                "thickness": 0,
              },
            ],
            "colorControls": Object {
              "_class": "colorControls",
              "brightness": 0,
              "contrast": 1,
              "hue": 0,
              "isEnabled": false,
              "saturation": 1,
            },
            "contextSettings": Object {
              "_class": "graphicsContextSettings",
              "blendMode": 0,
              "opacity": 1,
            },
            "do_objectID": "UUID",
            "endMarkerType": 0,
            "fills": Array [],
            "innerShadows": Array [],
            "miterLimit": 10,
            "shadows": Array [],
            "startMarkerType": 0,
            "windingRule": 1,
          },
        },
        Object {
          "_class": "rectangle",
          "booleanOperation": -1,
          "clippingMaskMode": 0,
          "do_objectID": "UUID",
          "edited": false,
          "exportOptions": Object {
            "_class": "exportOptions",
            "exportFormats": Array [],
            "includedLayerIds": Array [],
            "layerOptions": 0,
            "shouldTrim": false,
          },
          "fixedRadius": 0,
          "frame": Object {
            "_class": "rect",
            "constrainProportions": false,
            "height": 8,
            "width": 32,
            "x": 0,
            "y": 24,
          },
          "hasClippingMask": false,
          "hasConvertedToNewRoundCorners": true,
          "isClosed": true,
          "isFixedToViewport": false,
          "isFlippedHorizontal": false,
          "isFlippedVertical": false,
          "isLocked": false,
          "isTemplate": false,
          "isVisible": true,
          "layerListExpandedType": 0,
          "name": "ant-tooltip-arrow",
          "nameIsFixed": false,
          "needsConvertionToNewRoundCorners": false,
          "pointRadiusBehaviour": 1,
          "points": Array [
            Object {
              "_class": "curvePoint",
              "cornerRadius": 0,
              "cornerStyle": 0,
              "curveFrom": "{0, 0}",
              "curveMode": 1,
              "curveTo": "{0, 0}",
              "hasCurveFrom": false,
              "hasCurveTo": false,
              "point": "{0, 0}",
            },
            Object {
              "_class": "curvePoint",
              "cornerRadius": 0,
              "cornerStyle": 0,
              "curveFrom": "{1, 0}",
              "curveMode": 1,
              "curveTo": "{1, 0}",
              "hasCurveFrom": false,
              "hasCurveTo": false,
              "point": "{1, 0}",
            },
            Object {
              "_class": "curvePoint",
              "cornerRadius": 0,
              "cornerStyle": 0,
              "curveFrom": "{1, 1}",
              "curveMode": 1,
              "curveTo": "{1, 1}",
              "hasCurveFrom": false,
              "hasCurveTo": false,
              "point": "{1, 1}",
            },
            Object {
              "_class": "curvePoint",
              "cornerRadius": 0,
              "cornerStyle": 0,
              "curveFrom": "{0, 1}",
              "curveMode": 1,
              "curveTo": "{0, 1}",
              "hasCurveFrom": false,
              "hasCurveTo": false,
              "point": "{0, 1}",
            },
          ],
          "resizingConstraint": 27,
          "resizingType": 0,
          "rotation": 0,
          "shouldBreakMaskChain": false,
          "style": Object {
            "_class": "style",
            "borderOptions": Object {
              "_class": "borderOptions",
              "dashPattern": Array [],
              "isEnabled": true,
              "lineCapStyle": 0,
              "lineJoinStyle": 0,
            },
            "borders": Array [
              Object {
                "_class": "border",
                "color": Object {
                  "_class": "color",
                  "alpha": 0.88,
                  "blue": 0,
                  "green": 0,
                  "red": 0,
                },
                "contextSettings": Object {
                  "_class": "graphicsContextSettings",
                  "blendMode": 0,
                  "opacity": 1,
                },
                "fillType": 0,
                "gradient": Object {
                  "_class": "gradient",
                  "elipseLength": 1,
                  "from": "{0.5, 0}",
                  "gradientType": 0,
                  "stops": Array [],
                  "to": "{0.5, 1}",
                },
                "isEnabled": true,
                "position": 1,
                "thickness": 0,
              },
            ],
            "colorControls": Object {
              "_class": "colorControls",
              "brightness": 0,
              "contrast": 1,
              "hue": 0,
              "isEnabled": false,
              "saturation": 1,
            },
            "contextSettings": Object {
              "_class": "graphicsContextSettings",
              "blendMode": 0,
              "opacity": 1,
            },
            "do_objectID": "UUID",
            "endMarkerType": 0,
            "fills": Array [
              Object {
                "_class": "fill",
                "color": Object {
                  "_class": "color",
                  "alpha": 0.85,
                  "blue": 0,
                  "green": 0,
                  "red": 0,
                },
                "contextSettings": Object {
                  "_class": "graphicsContextSettings",
                  "blendMode": 0,
                  "opacity": 1,
                },
                "fillType": 0,
                "gradient": Object {
                  "_class": "gradient",
                  "elipseLength": 1,
                  "from": "{0.5, 0}",
                  "gradientType": 0,
                  "stops": Array [],
                  "to": "{0.5, 1}",
                },
                "isEnabled": true,
                "noiseIndex": 0,
                "noiseIntensity": 0,
                "patternFillType": 1,
                "patternTileScale": 1,
              },
            ],
            "innerShadows": Array [],
            "miterLimit": 10,
            "shadows": Array [],
            "startMarkerType": 0,
            "windingRule": 1,
          },
        },
      ],
      "name": "编组",
      "nameIsFixed": false,
      "resizingConstraint": 27,
      "resizingType": 0,
      "rotation": -180,
      "shouldBreakMaskChain": false,
      "style": Object {
        "_class": "style",
        "borderOptions": Object {
          "_class": "borderOptions",
          "dashPattern": Array [],
          "isEnabled": true,
          "lineCapStyle": 0,
          "lineJoinStyle": 0,
        },
        "borders": Array [],
        "colorControls": Object {
          "_class": "colorControls",
          "brightness": 0,
          "contrast": 1,
          "hue": 0,
          "isEnabled": false,
          "saturation": 1,
        },
        "contextSettings": Object {
          "_class": "graphicsContextSettings",
          "blendMode": 0,
          "opacity": 1,
        },
        "do_objectID": "UUID",
        "endMarkerType": 0,
        "fills": Array [],
        "innerShadows": Array [],
        "miterLimit": 10,
        "shadows": Array [],
        "startMarkerType": 0,
        "windingRule": 1,
      },
    },
  ],
  "name": "编组",
  "nameIsFixed": false,
  "resizingConstraint": 27,
  "resizingType": 0,
  "rotation": 0,
  "shouldBreakMaskChain": false,
  "style": Object {
    "_class": "style",
    "borderOptions": Object {
      "_class": "borderOptions",
      "dashPattern": Array [],
      "isEnabled": true,
      "lineCapStyle": 0,
      "lineJoinStyle": 0,
    },
    "borders": Array [],
    "colorControls": Object {
      "_class": "colorControls",
      "brightness": 0,
      "contrast": 1,
      "hue": 0,
      "isEnabled": false,
      "saturation": 1,
    },
    "contextSettings": Object {
      "_class": "graphicsContextSettings",
      "blendMode": 0,
      "opacity": 1,
    },
    "do_objectID": "UUID",
    "endMarkerType": 0,
    "fills": Array [],
    "innerShadows": Array [],
    "miterLimit": 10,
    "shadows": Array [],
    "startMarkerType": 0,
    "windingRule": 1,
  },
}
`;
